2026-08-31 19:02:26 | DEBUG    | RAMGuard.Config | Config loaded from D:\Poject\Degree Project\16 Memory magement system (RamGuard)(os) Done\config\config.json
2026-08-31 19:02:26 | INFO     | RAMGuard | ============================================================
2026-08-31 19:02:26 | INFO     | RAMGuard | RAMGuard starting up
2026-08-31 19:02:26 | INFO     | RAMGuard | Python: 3.12.10 (tags/v3.12.10:0cc8128, Apr  8 2025, 12:21:36) [MSC v.1943 64 bit (AMD64)]
2026-08-31 19:02:26 | INFO     | RAMGuard | Platform: win32
2026-08-31 19:02:26 | INFO     | RAMGuard | ============================================================
2026-08-31 19:02:31 | INFO     | RAMGuard | Initialising database…
2026-08-31 19:02:31 | INFO     | RAMGuard.Database | Database initialised at D:\Poject\Degree Project\16 Memory magement system (RamGuard)(os) Done\data\ramguard.db
2026-08-31 19:02:31 | INFO     | RAMGuard | Loading configuration…
2026-08-31 19:02:31 | DEBUG    | RAMGuard.Config | Config loaded from D:\Poject\Degree Project\16 Memory magement system (RamGuard)(os) Done\config\config.json
2026-08-31 19:02:31 | INFO     | RAMGuard | Building main window…
2026-08-31 19:02:31 | INFO     | RAMGuard.SafetyManager | ProcessSafetyManager initialised (own PID=3340)
2026-08-31 19:02:31 | INFO     | RAMGuard.MemoryMonitor | MemoryMonitor initialised
2026-08-31 19:02:31 | INFO     | RAMGuard.StartupManager | Loaded 9 startup entries
2026-08-31 19:02:32 | INFO     | RAMGuard.MemoryMonitor | MemoryMonitor initialised
2026-08-31 19:02:32 | DEBUG    | RAMGuard.Workers | MonitorWorker started (interval=3s)
2026-08-31 19:02:32 | INFO     | RAMGuard | RAMGuard started successfully.
2026-08-31 19:02:36 | DEBUG    | RAMGuard.ProcessScanner | Scanned 221 processes (threshold=0.5 MB)
2026-08-31 19:02:36 | DEBUG    | RAMGuard.MainWindow | Process list updated: 221 processes
2026-08-31 19:02:43 | INFO     | RAMGuard.Optimizer | Starting SAFE optimization for 1 process(es).
2026-08-31 19:02:43 | INFO     | RAMGuard.Optimizer | Closing 'MemCompression' (PID 3376) gracefully…
2026-08-31 19:02:43 | INFO     | RAMGuard.Optimizer | ⚠ Cannot close 'MemCompression' — Windows denied access.
2026-08-31 19:02:43 | INFO     | RAMGuard.Optimizer | Waiting 1.5s for memory to settle…
2026-08-31 19:02:44 | DEBUG    | RAMGuard.ProcessScanner | Scanned 222 processes (threshold=0.5 MB)
2026-08-31 19:02:44 | DEBUG    | RAMGuard.MainWindow | Process list updated: 222 processes
2026-08-31 19:02:44 | INFO     | RAMGuard.Optimizer | Optimization complete: 0 closed, 1 failed, ~13 MB freed.
2026-08-31 19:02:44 | INFO     | RAMGuard.Database | Saved optimization session #3
2026-08-31 19:02:48 | DEBUG    | RAMGuard.ProcessScanner | Scanned 221 processes (threshold=0.5 MB)
2026-08-31 19:02:48 | DEBUG    | RAMGuard.MainWindow | Process list updated: 221 processes
2026-08-31 19:02:53 | DEBUG    | RAMGuard.ProcessScanner | Scanned 221 processes (threshold=0.5 MB)
2026-08-31 19:02:53 | DEBUG    | RAMGuard.MainWindow | Process list updated: 221 processes
2026-08-31 19:02:56 | DEBUG    | RAMGuard.ProcessScanner | Scanned 221 processes (threshold=0.5 MB)
2026-08-31 19:02:56 | DEBUG    | RAMGuard.MainWindow | Process list updated: 221 processes
2026-08-31 19:03:01 | DEBUG    | RAMGuard.ProcessScanner | Scanned 221 processes (threshold=0.5 MB)
2026-08-31 19:03:30 | DEBUG    | RAMGuard.MainWindow | Process list updated: 221 processes
2026-08-31 19:03:33 | DEBUG    | RAMGuard.ProcessScanner | Scanned 222 processes (threshold=0.5 MB)
2026-08-31 19:03:33 | DEBUG    | RAMGuard.MainWindow | Process list updated: 222 processes
2026-08-31 19:03:38 | DEBUG    | RAMGuard.ProcessScanner | Scanned 222 processes (threshold=0.5 MB)
2026-08-31 19:03:38 | DEBUG    | RAMGuard.MainWindow | Process list updated: 222 processes
2026-08-31 19:03:41 | DEBUG    | RAMGuard.ProcessScanner | Scanned 222 processes (threshold=0.5 MB)
2026-08-31 19:03:41 | DEBUG    | RAMGuard.MainWindow | Process list updated: 222 processes
2026-08-31 19:03:46 | DEBUG    | RAMGuard.ProcessScanner | Scanned 222 processes (threshold=0.5 MB)
2026-08-31 19:03:46 | DEBUG    | RAMGuard.MainWindow | Process list updated: 222 processes
2026-08-31 19:03:49 | DEBUG    | RAMGuard.ProcessScanner | Scanned 222 processes (threshold=0.5 MB)
2026-08-31 19:03:49 | DEBUG    | RAMGuard.MainWindow | Process list updated: 222 processes
2026-08-31 19:03:54 | DEBUG    | RAMGuard.ProcessScanner | Scanned 222 processes (threshold=0.5 MB)
2026-08-31 19:03:54 | DEBUG    | RAMGuard.MainWindow | Process list updated: 222 processes
2026-08-31 19:03:57 | DEBUG    | RAMGuard.ProcessScanner | Scanned 222 processes (threshold=0.5 MB)
2026-08-31 19:03:57 | DEBUG    | RAMGuard.MainWindow | Process list updated: 222 processes
2026-08-31 19:04:02 | INFO     | RAMGuard.MainWindow | RAMGuard shutting down…
2026-08-31 19:04:03 | DEBUG    | RAMGuard.ProcessScanner | Scanned 222 processes (threshold=0.5 MB)
2026-08-31 19:04:06 | DEBUG    | RAMGuard.ProcessScanner | Scanned 222 processes (threshold=0.5 MB)
