2026-09-09 09:09:27 | DEBUG    | RAMGuard.Config | Config loaded from D:\Poject\Degree Project\16 Memory magement system (RamGuard)(os) Done\config\config.json
2026-09-09 09:09:28 | INFO     | RAMGuard | ============================================================
2026-09-09 09:09:28 | INFO     | RAMGuard | RAMGuard starting up
2026-09-09 09:09:28 | INFO     | RAMGuard | Python: 3.12.10 (tags/v3.12.10:0cc8128, Apr  8 2025, 12:21:36) [MSC v.1943 64 bit (AMD64)]
2026-09-09 09:09:28 | INFO     | RAMGuard | Platform: win32
2026-09-09 09:09:28 | INFO     | RAMGuard | ============================================================
2026-09-09 09:09:32 | INFO     | RAMGuard | Initialising database…
2026-09-09 09:09:32 | INFO     | RAMGuard.Database | Database initialised at D:\Poject\Degree Project\16 Memory magement system (RamGuard)(os) Done\data\ramguard.db
2026-09-09 09:09:32 | INFO     | RAMGuard | Loading configuration…
2026-09-09 09:09:32 | DEBUG    | RAMGuard.Config | Config loaded from D:\Poject\Degree Project\16 Memory magement system (RamGuard)(os) Done\config\config.json
2026-09-09 09:09:32 | INFO     | RAMGuard | Building main window…
2026-09-09 09:09:32 | INFO     | RAMGuard.SafetyManager | ProcessSafetyManager initialised (own PID=9288)
2026-09-09 09:09:32 | INFO     | RAMGuard.MemoryMonitor | MemoryMonitor initialised
2026-09-09 09:09:33 | INFO     | RAMGuard.StartupManager | Loaded 9 startup entries
2026-09-09 09:09:33 | INFO     | RAMGuard.MemoryMonitor | MemoryMonitor initialised
2026-09-09 09:09:33 | DEBUG    | RAMGuard.Workers | MonitorWorker started (interval=3s)
2026-09-09 09:09:33 | INFO     | RAMGuard | RAMGuard started successfully.
2026-09-09 09:09:38 | DEBUG    | RAMGuard.ProcessScanner | Scanned 230 processes (threshold=0.5 MB)
2026-09-09 09:09:38 | DEBUG    | RAMGuard.MainWindow | Process list updated: 230 processes
2026-09-09 09:09:52 | DEBUG    | RAMGuard.ProcessScanner | Scanned 229 processes (threshold=0.5 MB)
2026-09-09 09:09:52 | DEBUG    | RAMGuard.MainWindow | Process list updated: 229 processes
2026-09-09 09:10:03 | DEBUG    | RAMGuard.ProcessScanner | Scanned 237 processes (threshold=0.5 MB)
2026-09-09 09:10:03 | DEBUG    | RAMGuard.MainWindow | Process list updated: 237 processes
2026-09-09 09:10:14 | DEBUG    | RAMGuard.ProcessScanner | Scanned 233 processes (threshold=0.5 MB)
2026-09-09 09:10:14 | DEBUG    | RAMGuard.MainWindow | Process list updated: 233 processes
2026-09-09 09:10:24 | DEBUG    | RAMGuard.ProcessScanner | Scanned 237 processes (threshold=0.5 MB)
2026-09-09 09:10:24 | DEBUG    | RAMGuard.MainWindow | Process list updated: 237 processes
2026-09-09 09:10:36 | DEBUG    | RAMGuard.ProcessScanner | Scanned 237 processes (threshold=0.5 MB)
2026-09-09 09:10:36 | DEBUG    | RAMGuard.MainWindow | Process list updated: 237 processes
2026-09-09 09:10:48 | DEBUG    | RAMGuard.ProcessScanner | Scanned 244 processes (threshold=0.5 MB)
2026-09-09 09:10:48 | DEBUG    | RAMGuard.MainWindow | Process list updated: 244 processes
2026-09-09 09:10:58 | DEBUG    | RAMGuard.ProcessScanner | Scanned 240 processes (threshold=0.5 MB)
2026-09-09 09:10:58 | DEBUG    | RAMGuard.MainWindow | Process list updated: 240 processes
2026-09-09 09:11:09 | DEBUG    | RAMGuard.ProcessScanner | Scanned 239 processes (threshold=0.5 MB)
2026-09-09 09:11:09 | DEBUG    | RAMGuard.MainWindow | Process list updated: 239 processes
2026-09-09 09:11:19 | DEBUG    | RAMGuard.ProcessScanner | Scanned 240 processes (threshold=0.5 MB)
2026-09-09 09:11:19 | DEBUG    | RAMGuard.MainWindow | Process list updated: 240 processes
2026-09-09 09:11:29 | DEBUG    | RAMGuard.ProcessScanner | Scanned 238 processes (threshold=0.5 MB)
2026-09-09 09:11:29 | DEBUG    | RAMGuard.MainWindow | Process list updated: 238 processes
2026-09-09 09:11:42 | DEBUG    | RAMGuard.ProcessScanner | Scanned 256 processes (threshold=0.5 MB)
2026-09-09 09:11:42 | DEBUG    | RAMGuard.MainWindow | Process list updated: 256 processes
2026-09-09 09:11:52 | DEBUG    | RAMGuard.ProcessScanner | Scanned 263 processes (threshold=0.5 MB)
2026-09-09 09:11:52 | DEBUG    | RAMGuard.MainWindow | Process list updated: 263 processes
2026-09-09 09:12:05 | DEBUG    | RAMGuard.ProcessScanner | Scanned 265 processes (threshold=0.5 MB)
2026-09-09 09:12:05 | DEBUG    | RAMGuard.MainWindow | Process list updated: 265 processes
2026-09-09 09:30:41 | DEBUG    | RAMGuard.Config | Config loaded from D:\Poject\Degree Project\16 Memory magement system (RamGuard)(os) Done\config\config.json
2026-09-09 09:30:41 | INFO     | RAMGuard | ============================================================
2026-09-09 09:30:41 | INFO     | RAMGuard | RAMGuard starting up
2026-09-09 09:30:41 | INFO     | RAMGuard | Python: 3.12.10 (tags/v3.12.10:0cc8128, Apr  8 2025, 12:21:36) [MSC v.1943 64 bit (AMD64)]
2026-09-09 09:30:41 | INFO     | RAMGuard | Platform: win32
2026-09-09 09:30:41 | INFO     | RAMGuard | ============================================================
2026-09-09 09:30:46 | INFO     | RAMGuard | Initialising database…
2026-09-09 09:30:46 | INFO     | RAMGuard.Database | Database initialised at D:\Poject\Degree Project\16 Memory magement system (RamGuard)(os) Done\data\ramguard.db
2026-09-09 09:30:46 | INFO     | RAMGuard | Loading configuration…
2026-09-09 09:30:46 | DEBUG    | RAMGuard.Config | Config loaded from D:\Poject\Degree Project\16 Memory magement system (RamGuard)(os) Done\config\config.json
2026-09-09 09:30:46 | INFO     | RAMGuard | Building main window…
2026-09-09 09:30:46 | INFO     | RAMGuard.SafetyManager | ProcessSafetyManager initialised (own PID=5248)
2026-09-09 09:30:46 | INFO     | RAMGuard.MemoryMonitor | MemoryMonitor initialised
2026-09-09 09:30:46 | INFO     | RAMGuard.StartupManager | Loaded 9 startup entries
2026-09-09 09:30:46 | INFO     | RAMGuard.MemoryMonitor | MemoryMonitor initialised
2026-09-09 09:30:46 | DEBUG    | RAMGuard.Workers | MonitorWorker started (interval=3s)
2026-09-09 09:30:47 | INFO     | RAMGuard | RAMGuard started successfully.
2026-09-09 09:30:52 | DEBUG    | RAMGuard.ProcessScanner | Scanned 234 processes (threshold=0.5 MB)
2026-09-09 09:30:52 | DEBUG    | RAMGuard.MainWindow | Process list updated: 234 processes
2026-09-09 09:31:02 | DEBUG    | RAMGuard.ProcessScanner | Scanned 234 processes (threshold=0.5 MB)
2026-09-09 09:31:02 | DEBUG    | RAMGuard.MainWindow | Process list updated: 234 processes
2026-09-09 09:31:12 | DEBUG    | RAMGuard.ProcessScanner | Scanned 234 processes (threshold=0.5 MB)
2026-09-09 09:31:12 | DEBUG    | RAMGuard.MainWindow | Process list updated: 234 processes
2026-09-09 09:31:23 | DEBUG    | RAMGuard.ProcessScanner | Scanned 234 processes (threshold=0.5 MB)
2026-09-09 09:31:23 | DEBUG    | RAMGuard.MainWindow | Process list updated: 234 processes
2026-09-09 09:31:33 | DEBUG    | RAMGuard.ProcessScanner | Scanned 235 processes (threshold=0.5 MB)
2026-09-09 09:31:33 | DEBUG    | RAMGuard.MainWindow | Process list updated: 235 processes
2026-09-09 09:31:42 | DEBUG    | RAMGuard.ProcessScanner | Scanned 235 processes (threshold=0.5 MB)
2026-09-09 09:31:42 | DEBUG    | RAMGuard.MainWindow | Process list updated: 235 processes
2026-09-09 09:31:51 | DEBUG    | RAMGuard.ProcessScanner | Scanned 235 processes (threshold=0.5 MB)
2026-09-09 09:31:51 | DEBUG    | RAMGuard.MainWindow | Process list updated: 235 processes
2026-09-09 09:32:00 | DEBUG    | RAMGuard.ProcessScanner | Scanned 242 processes (threshold=0.5 MB)
2026-09-09 09:32:00 | DEBUG    | RAMGuard.MainWindow | Process list updated: 242 processes
2026-09-09 09:32:10 | DEBUG    | RAMGuard.ProcessScanner | Scanned 240 processes (threshold=0.5 MB)
2026-09-09 09:32:10 | DEBUG    | RAMGuard.MainWindow | Process list updated: 240 processes
2026-09-09 09:32:19 | DEBUG    | RAMGuard.ProcessScanner | Scanned 240 processes (threshold=0.5 MB)
2026-09-09 09:32:19 | DEBUG    | RAMGuard.MainWindow | Process list updated: 240 processes
2026-09-09 09:32:28 | DEBUG    | RAMGuard.ProcessScanner | Scanned 240 processes (threshold=0.5 MB)
2026-09-09 09:32:28 | DEBUG    | RAMGuard.MainWindow | Process list updated: 240 processes
2026-09-09 09:32:37 | DEBUG    | RAMGuard.ProcessScanner | Scanned 240 processes (threshold=0.5 MB)
2026-09-09 09:32:37 | DEBUG    | RAMGuard.MainWindow | Process list updated: 240 processes
2026-09-09 09:32:48 | DEBUG    | RAMGuard.ProcessScanner | Scanned 240 processes (threshold=0.5 MB)
2026-09-09 09:32:48 | DEBUG    | RAMGuard.MainWindow | Process list updated: 240 processes
2026-09-09 09:32:59 | DEBUG    | RAMGuard.ProcessScanner | Scanned 239 processes (threshold=0.5 MB)
2026-09-09 09:32:59 | DEBUG    | RAMGuard.MainWindow | Process list updated: 239 processes
2026-09-09 09:33:10 | DEBUG    | RAMGuard.ProcessScanner | Scanned 239 processes (threshold=0.5 MB)
2026-09-09 09:33:10 | DEBUG    | RAMGuard.MainWindow | Process list updated: 239 processes
2026-09-09 09:33:21 | DEBUG    | RAMGuard.ProcessScanner | Scanned 239 processes (threshold=0.5 MB)
2026-09-09 09:33:21 | DEBUG    | RAMGuard.MainWindow | Process list updated: 239 processes
2026-09-09 09:33:34 | DEBUG    | RAMGuard.ProcessScanner | Scanned 242 processes (threshold=0.5 MB)
2026-09-09 09:33:34 | DEBUG    | RAMGuard.MainWindow | Process list updated: 242 processes
2026-09-09 09:33:45 | DEBUG    | RAMGuard.ProcessScanner | Scanned 245 processes (threshold=0.5 MB)
2026-09-09 09:33:45 | DEBUG    | RAMGuard.MainWindow | Process list updated: 245 processes
2026-09-09 09:33:57 | DEBUG    | RAMGuard.ProcessScanner | Scanned 244 processes (threshold=0.5 MB)
2026-09-09 09:33:57 | DEBUG    | RAMGuard.MainWindow | Process list updated: 244 processes
2026-09-09 09:34:08 | DEBUG    | RAMGuard.ProcessScanner | Scanned 243 processes (threshold=0.5 MB)
2026-09-09 09:34:08 | DEBUG    | RAMGuard.MainWindow | Process list updated: 243 processes
2026-09-09 09:34:19 | DEBUG    | RAMGuard.ProcessScanner | Scanned 242 processes (threshold=0.5 MB)
2026-09-09 09:34:19 | DEBUG    | RAMGuard.MainWindow | Process list updated: 242 processes
2026-09-09 09:34:31 | DEBUG    | RAMGuard.ProcessScanner | Scanned 242 processes (threshold=0.5 MB)
2026-09-09 09:34:31 | DEBUG    | RAMGuard.MainWindow | Process list updated: 242 processes
2026-09-09 09:34:42 | DEBUG    | RAMGuard.ProcessScanner | Scanned 242 processes (threshold=0.5 MB)
2026-09-09 09:34:42 | DEBUG    | RAMGuard.MainWindow | Process list updated: 242 processes
2026-09-09 09:34:53 | DEBUG    | RAMGuard.ProcessScanner | Scanned 241 processes (threshold=0.5 MB)
2026-09-09 09:34:53 | DEBUG    | RAMGuard.MainWindow | Process list updated: 241 processes
2026-09-09 09:35:04 | DEBUG    | RAMGuard.ProcessScanner | Scanned 241 processes (threshold=0.5 MB)
2026-09-09 09:35:04 | DEBUG    | RAMGuard.MainWindow | Process list updated: 241 processes
2026-09-09 09:35:15 | DEBUG    | RAMGuard.ProcessScanner | Scanned 241 processes (threshold=0.5 MB)
2026-09-09 09:35:15 | DEBUG    | RAMGuard.MainWindow | Process list updated: 241 processes
2026-09-09 09:35:27 | DEBUG    | RAMGuard.ProcessScanner | Scanned 241 processes (threshold=0.5 MB)
2026-09-09 09:35:27 | DEBUG    | RAMGuard.MainWindow | Process list updated: 241 processes
2026-09-09 09:35:39 | DEBUG    | RAMGuard.ProcessScanner | Scanned 241 processes (threshold=0.5 MB)
2026-09-09 09:35:39 | DEBUG    | RAMGuard.MainWindow | Process list updated: 241 processes
2026-09-09 09:35:51 | DEBUG    | RAMGuard.ProcessScanner | Scanned 241 processes (threshold=0.5 MB)
2026-09-09 09:35:51 | DEBUG    | RAMGuard.MainWindow | Process list updated: 241 processes
2026-09-09 09:36:01 | DEBUG    | RAMGuard.ProcessScanner | Scanned 241 processes (threshold=0.5 MB)
2026-09-09 09:36:01 | DEBUG    | RAMGuard.MainWindow | Process list updated: 241 processes
2026-09-09 09:36:11 | DEBUG    | RAMGuard.ProcessScanner | Scanned 241 processes (threshold=0.5 MB)
2026-09-09 09:36:11 | DEBUG    | RAMGuard.MainWindow | Process list updated: 241 processes
2026-09-09 09:36:21 | DEBUG    | RAMGuard.ProcessScanner | Scanned 241 processes (threshold=0.5 MB)
2026-09-09 09:36:21 | DEBUG    | RAMGuard.MainWindow | Process list updated: 241 processes
2026-09-09 09:36:31 | DEBUG    | RAMGuard.ProcessScanner | Scanned 244 processes (threshold=0.5 MB)
2026-09-09 09:36:31 | DEBUG    | RAMGuard.MainWindow | Process list updated: 244 processes
2026-09-09 09:36:41 | DEBUG    | RAMGuard.ProcessScanner | Scanned 243 processes (threshold=0.5 MB)
2026-09-09 09:36:41 | DEBUG    | RAMGuard.MainWindow | Process list updated: 243 processes
2026-09-09 09:36:51 | DEBUG    | RAMGuard.ProcessScanner | Scanned 243 processes (threshold=0.5 MB)
2026-09-09 09:36:51 | DEBUG    | RAMGuard.MainWindow | Process list updated: 243 processes
2026-09-09 09:37:01 | DEBUG    | RAMGuard.ProcessScanner | Scanned 242 processes (threshold=0.5 MB)
2026-09-09 09:37:01 | DEBUG    | RAMGuard.MainWindow | Process list updated: 242 processes
2026-09-09 09:37:11 | DEBUG    | RAMGuard.ProcessScanner | Scanned 242 processes (threshold=0.5 MB)
2026-09-09 09:37:11 | DEBUG    | RAMGuard.MainWindow | Process list updated: 242 processes
2026-09-09 09:37:21 | DEBUG    | RAMGuard.ProcessScanner | Scanned 242 processes (threshold=0.5 MB)
2026-09-09 09:37:21 | DEBUG    | RAMGuard.MainWindow | Process list updated: 242 processes
2026-09-09 09:37:30 | DEBUG    | RAMGuard.ProcessScanner | Scanned 242 processes (threshold=0.5 MB)
2026-09-09 09:37:30 | DEBUG    | RAMGuard.MainWindow | Process list updated: 242 processes
2026-09-09 09:37:40 | DEBUG    | RAMGuard.ProcessScanner | Scanned 242 processes (threshold=0.5 MB)
2026-09-09 09:37:40 | DEBUG    | RAMGuard.MainWindow | Process list updated: 242 processes
2026-09-09 09:38:08 | DEBUG    | RAMGuard.Config | Config loaded from D:\Poject\Degree Project\16 Memory magement system (RamGuard)(os) Done\config\config.json
2026-09-09 09:38:08 | INFO     | RAMGuard | ============================================================
2026-09-09 09:38:08 | INFO     | RAMGuard | RAMGuard starting up
2026-09-09 09:38:08 | INFO     | RAMGuard | Python: 3.12.10 (tags/v3.12.10:0cc8128, Apr  8 2025, 12:21:36) [MSC v.1943 64 bit (AMD64)]
2026-09-09 09:38:08 | INFO     | RAMGuard | Platform: win32
2026-09-09 09:38:08 | INFO     | RAMGuard | ============================================================
2026-09-09 09:38:10 | INFO     | RAMGuard | Initialising database…
2026-09-09 09:38:10 | INFO     | RAMGuard.Database | Database initialised at D:\Poject\Degree Project\16 Memory magement system (RamGuard)(os) Done\data\ramguard.db
2026-09-09 09:38:10 | INFO     | RAMGuard | Loading configuration…
2026-09-09 09:38:10 | DEBUG    | RAMGuard.Config | Config loaded from D:\Poject\Degree Project\16 Memory magement system (RamGuard)(os) Done\config\config.json
2026-09-09 09:38:10 | INFO     | RAMGuard | Building main window…
2026-09-09 09:38:10 | INFO     | RAMGuard.SafetyManager | ProcessSafetyManager initialised (own PID=15192)
2026-09-09 09:38:10 | INFO     | RAMGuard.MemoryMonitor | MemoryMonitor initialised
2026-09-09 09:38:10 | INFO     | RAMGuard.StartupManager | Loaded 9 startup entries
2026-09-09 09:38:10 | INFO     | RAMGuard.MemoryMonitor | MemoryMonitor initialised
2026-09-09 09:38:10 | DEBUG    | RAMGuard.Workers | MonitorWorker started (interval=3s)
2026-09-09 09:38:11 | INFO     | RAMGuard | RAMGuard started successfully.
2026-09-09 09:38:15 | INFO     | RAMGuard.MainWindow | RAMGuard shutting down…
2026-09-09 09:38:16 | DEBUG    | RAMGuard.ProcessScanner | Scanned 244 processes (threshold=0.5 MB)
2026-09-09 09:38:17 | DEBUG    | RAMGuard.MainWindow | Process list updated: 244 processes
2026-09-09 10:10:37 | DEBUG    | RAMGuard.Config | Config loaded from D:\Poject\Degree Project\16 Memory magement system (RamGuard)(os) Done\config\config.json
2026-09-09 10:10:37 | INFO     | RAMGuard | ============================================================
2026-09-09 10:10:37 | INFO     | RAMGuard | RAMGuard starting up
2026-09-09 10:10:37 | INFO     | RAMGuard | Python: 3.12.10 (tags/v3.12.10:0cc8128, Apr  8 2025, 12:21:36) [MSC v.1943 64 bit (AMD64)]
2026-09-09 10:10:37 | INFO     | RAMGuard | Platform: win32
2026-09-09 10:10:37 | INFO     | RAMGuard | ============================================================
2026-09-09 10:10:42 | INFO     | RAMGuard | Initialising database…
2026-09-09 10:10:42 | INFO     | RAMGuard.Database | Database initialised at D:\Poject\Degree Project\16 Memory magement system (RamGuard)(os) Done\data\ramguard.db
2026-09-09 10:10:42 | INFO     | RAMGuard | Loading configuration…
2026-09-09 10:10:42 | DEBUG    | RAMGuard.Config | Config loaded from D:\Poject\Degree Project\16 Memory magement system (RamGuard)(os) Done\config\config.json
2026-09-09 10:10:42 | INFO     | RAMGuard | Building main window…
2026-09-09 10:10:42 | INFO     | RAMGuard.SafetyManager | ProcessSafetyManager initialised (own PID=12232)
2026-09-09 10:10:42 | INFO     | RAMGuard.MemoryMonitor | MemoryMonitor initialised
2026-09-09 10:10:43 | INFO     | RAMGuard.StartupManager | Loaded 8 startup entries
2026-09-09 10:10:43 | INFO     | RAMGuard.MemoryMonitor | MemoryMonitor initialised
2026-09-09 10:10:43 | DEBUG    | RAMGuard.Workers | MonitorWorker started (interval=3s)
2026-09-09 10:10:43 | INFO     | RAMGuard | RAMGuard started successfully.
2026-09-09 10:10:49 | DEBUG    | RAMGuard.ProcessScanner | Scanned 237 processes (threshold=0.5 MB)
2026-09-09 10:10:49 | DEBUG    | RAMGuard.MainWindow | Process list updated: 237 processes
2026-09-09 10:10:58 | DEBUG    | RAMGuard.ProcessScanner | Scanned 237 processes (threshold=0.5 MB)
2026-09-09 10:10:58 | DEBUG    | RAMGuard.MainWindow | Process list updated: 237 processes
2026-09-09 10:11:07 | DEBUG    | RAMGuard.ProcessScanner | Scanned 237 processes (threshold=0.5 MB)
2026-09-09 10:11:19 | DEBUG    | RAMGuard.Config | Config loaded from D:\Poject\Degree Project\16 Memory magement system (RamGuard)(os) Done\config\config.json
2026-09-09 10:11:19 | INFO     | RAMGuard | ============================================================
2026-09-09 10:11:19 | INFO     | RAMGuard | RAMGuard starting up
2026-09-09 10:11:19 | INFO     | RAMGuard | Python: 3.12.10 (tags/v3.12.10:0cc8128, Apr  8 2025, 12:21:36) [MSC v.1943 64 bit (AMD64)]
2026-09-09 10:11:19 | INFO     | RAMGuard | Platform: win32
2026-09-09 10:11:19 | INFO     | RAMGuard | ============================================================
2026-09-09 10:11:21 | INFO     | RAMGuard | Initialising database…
2026-09-09 10:11:21 | INFO     | RAMGuard.Database | Database initialised at D:\Poject\Degree Project\16 Memory magement system (RamGuard)(os) Done\data\ramguard.db
2026-09-09 10:11:21 | INFO     | RAMGuard | Loading configuration…
2026-09-09 10:11:21 | DEBUG    | RAMGuard.Config | Config loaded from D:\Poject\Degree Project\16 Memory magement system (RamGuard)(os) Done\config\config.json
2026-09-09 10:11:21 | INFO     | RAMGuard | Building main window…
2026-09-09 10:11:21 | INFO     | RAMGuard.SafetyManager | ProcessSafetyManager initialised (own PID=3388)
2026-09-09 10:11:21 | INFO     | RAMGuard.MemoryMonitor | MemoryMonitor initialised
2026-09-09 10:11:21 | INFO     | RAMGuard.StartupManager | Loaded 8 startup entries
2026-09-09 10:11:21 | INFO     | RAMGuard.MemoryMonitor | MemoryMonitor initialised
2026-09-09 10:11:21 | DEBUG    | RAMGuard.Workers | MonitorWorker started (interval=3s)
2026-09-09 10:11:21 | INFO     | RAMGuard | RAMGuard started successfully.
2026-09-09 10:11:28 | DEBUG    | RAMGuard.ProcessScanner | Scanned 247 processes (threshold=0.5 MB)
2026-09-09 10:11:28 | DEBUG    | RAMGuard.MainWindow | Process list updated: 247 processes
2026-09-09 10:11:38 | DEBUG    | RAMGuard.ProcessScanner | Scanned 247 processes (threshold=0.5 MB)
2026-09-09 10:11:38 | DEBUG    | RAMGuard.MainWindow | Process list updated: 247 processes
2026-09-09 10:11:48 | DEBUG    | RAMGuard.ProcessScanner | Scanned 247 processes (threshold=0.5 MB)
2026-09-09 10:11:48 | DEBUG    | RAMGuard.MainWindow | Process list updated: 247 processes
2026-09-09 10:11:58 | DEBUG    | RAMGuard.ProcessScanner | Scanned 247 processes (threshold=0.5 MB)
2026-09-09 10:11:58 | DEBUG    | RAMGuard.MainWindow | Process list updated: 247 processes
2026-09-09 10:11:58 | INFO     | RAMGuard.MainWindow | RAMGuard shutting down…
2026-09-09 15:11:49 | DEBUG    | RAMGuard.Config | Config loaded from D:\Poject\Degree Project\16 Memory magement system (RamGuard)(os) Done\config\config.json
2026-09-09 15:11:49 | INFO     | RAMGuard | ============================================================
2026-09-09 15:11:49 | INFO     | RAMGuard | RAMGuard starting up
2026-09-09 15:11:49 | INFO     | RAMGuard | Python: 3.12.10 (tags/v3.12.10:0cc8128, Apr  8 2025, 12:21:36) [MSC v.1943 64 bit (AMD64)]
2026-09-09 15:11:49 | INFO     | RAMGuard | Platform: win32
2026-09-09 15:11:49 | INFO     | RAMGuard | ============================================================
2026-09-09 15:11:53 | INFO     | RAMGuard | Initialising database…
2026-09-09 15:11:53 | INFO     | RAMGuard.Database | Database initialised at D:\Poject\Degree Project\16 Memory magement system (RamGuard)(os) Done\data\ramguard.db
2026-09-09 15:11:53 | INFO     | RAMGuard | Loading configuration…
2026-09-09 15:11:53 | DEBUG    | RAMGuard.Config | Config loaded from D:\Poject\Degree Project\16 Memory magement system (RamGuard)(os) Done\config\config.json
2026-09-09 15:11:53 | INFO     | RAMGuard | Building main window…
2026-09-09 15:11:53 | INFO     | RAMGuard.SafetyManager | ProcessSafetyManager initialised (own PID=10832)
2026-09-09 15:11:53 | INFO     | RAMGuard.MemoryMonitor | MemoryMonitor initialised
2026-09-09 15:11:53 | INFO     | RAMGuard.StartupManager | Loaded 9 startup entries
2026-09-09 15:11:54 | INFO     | RAMGuard.MemoryMonitor | MemoryMonitor initialised
2026-09-09 15:11:54 | DEBUG    | RAMGuard.Workers | MonitorWorker started (interval=3s)
2026-09-09 15:11:54 | INFO     | RAMGuard | RAMGuard started successfully.
2026-09-09 15:11:59 | DEBUG    | RAMGuard.ProcessScanner | Scanned 239 processes (threshold=0.5 MB)
2026-09-09 15:11:59 | DEBUG    | RAMGuard.MainWindow | Process list updated: 239 processes
2026-09-09 15:12:08 | DEBUG    | RAMGuard.ProcessScanner | Scanned 239 processes (threshold=0.5 MB)
2026-09-09 15:12:08 | DEBUG    | RAMGuard.MainWindow | Process list updated: 239 processes
2026-09-09 15:12:18 | DEBUG    | RAMGuard.ProcessScanner | Scanned 239 processes (threshold=0.5 MB)
2026-09-09 15:12:18 | DEBUG    | RAMGuard.MainWindow | Process list updated: 239 processes
2026-09-09 15:12:28 | DEBUG    | RAMGuard.ProcessScanner | Scanned 239 processes (threshold=0.5 MB)
2026-09-09 15:12:28 | DEBUG    | RAMGuard.MainWindow | Process list updated: 239 processes
2026-09-09 15:12:38 | DEBUG    | RAMGuard.ProcessScanner | Scanned 237 processes (threshold=0.5 MB)
2026-09-09 15:12:38 | DEBUG    | RAMGuard.MainWindow | Process list updated: 237 processes
2026-09-09 15:12:48 | DEBUG    | RAMGuard.ProcessScanner | Scanned 237 processes (threshold=0.5 MB)
2026-09-09 15:12:48 | DEBUG    | RAMGuard.MainWindow | Process list updated: 237 processes
2026-09-09 15:12:58 | DEBUG    | RAMGuard.ProcessScanner | Scanned 237 processes (threshold=0.5 MB)
2026-09-09 15:12:58 | DEBUG    | RAMGuard.MainWindow | Process list updated: 237 processes
2026-09-09 15:13:08 | DEBUG    | RAMGuard.ProcessScanner | Scanned 238 processes (threshold=0.5 MB)
2026-09-09 15:13:08 | DEBUG    | RAMGuard.MainWindow | Process list updated: 238 processes
2026-09-09 15:13:18 | DEBUG    | RAMGuard.ProcessScanner | Scanned 238 processes (threshold=0.5 MB)
2026-09-09 15:13:18 | DEBUG    | RAMGuard.MainWindow | Process list updated: 238 processes
2026-09-09 15:13:28 | DEBUG    | RAMGuard.ProcessScanner | Scanned 238 processes (threshold=0.5 MB)
2026-09-09 15:13:28 | DEBUG    | RAMGuard.MainWindow | Process list updated: 238 processes
2026-09-09 15:13:37 | DEBUG    | RAMGuard.ProcessScanner | Scanned 238 processes (threshold=0.5 MB)
2026-09-09 15:13:37 | DEBUG    | RAMGuard.MainWindow | Process list updated: 238 processes
2026-09-09 15:13:47 | DEBUG    | RAMGuard.ProcessScanner | Scanned 238 processes (threshold=0.5 MB)
2026-09-09 15:13:47 | DEBUG    | RAMGuard.MainWindow | Process list updated: 238 processes
2026-09-09 15:13:57 | DEBUG    | RAMGuard.ProcessScanner | Scanned 237 processes (threshold=0.5 MB)
2026-09-09 15:13:57 | DEBUG    | RAMGuard.MainWindow | Process list updated: 237 processes
2026-09-09 15:14:06 | DEBUG    | RAMGuard.ProcessScanner | Scanned 236 processes (threshold=0.5 MB)
2026-09-09 15:14:06 | DEBUG    | RAMGuard.MainWindow | Process list updated: 236 processes
2026-09-09 15:14:16 | DEBUG    | RAMGuard.ProcessScanner | Scanned 236 processes (threshold=0.5 MB)
2026-09-09 15:14:16 | DEBUG    | RAMGuard.MainWindow | Process list updated: 236 processes
2026-09-09 15:14:25 | DEBUG    | RAMGuard.ProcessScanner | Scanned 236 processes (threshold=0.5 MB)
2026-09-09 15:14:25 | DEBUG    | RAMGuard.MainWindow | Process list updated: 236 processes
2026-09-09 15:14:35 | DEBUG    | RAMGuard.ProcessScanner | Scanned 236 processes (threshold=0.5 MB)
2026-09-09 15:14:35 | DEBUG    | RAMGuard.MainWindow | Process list updated: 236 processes
2026-09-09 15:14:44 | DEBUG    | RAMGuard.ProcessScanner | Scanned 236 processes (threshold=0.5 MB)
2026-09-09 15:14:44 | DEBUG    | RAMGuard.MainWindow | Process list updated: 236 processes
2026-09-09 15:14:54 | DEBUG    | RAMGuard.ProcessScanner | Scanned 237 processes (threshold=0.5 MB)
2026-09-09 15:14:54 | DEBUG    | RAMGuard.MainWindow | Process list updated: 237 processes
2026-09-09 15:15:04 | DEBUG    | RAMGuard.ProcessScanner | Scanned 237 processes (threshold=0.5 MB)
2026-09-09 15:15:04 | DEBUG    | RAMGuard.MainWindow | Process list updated: 237 processes
2026-09-09 15:15:13 | DEBUG    | RAMGuard.ProcessScanner | Scanned 238 processes (threshold=0.5 MB)
2026-09-09 15:15:13 | DEBUG    | RAMGuard.MainWindow | Process list updated: 238 processes
2026-09-09 15:15:23 | DEBUG    | RAMGuard.ProcessScanner | Scanned 236 processes (threshold=0.5 MB)
2026-09-09 15:15:23 | DEBUG    | RAMGuard.MainWindow | Process list updated: 236 processes
2026-09-09 15:15:33 | DEBUG    | RAMGuard.ProcessScanner | Scanned 236 processes (threshold=0.5 MB)
2026-09-09 15:15:33 | DEBUG    | RAMGuard.MainWindow | Process list updated: 236 processes
2026-09-09 15:15:44 | DEBUG    | RAMGuard.ProcessScanner | Scanned 236 processes (threshold=0.5 MB)
2026-09-09 15:15:44 | DEBUG    | RAMGuard.MainWindow | Process list updated: 236 processes
2026-09-09 15:15:54 | DEBUG    | RAMGuard.ProcessScanner | Scanned 236 processes (threshold=0.5 MB)
2026-09-09 15:15:54 | DEBUG    | RAMGuard.MainWindow | Process list updated: 236 processes
2026-09-09 15:16:04 | DEBUG    | RAMGuard.ProcessScanner | Scanned 236 processes (threshold=0.5 MB)
2026-09-09 15:16:04 | DEBUG    | RAMGuard.MainWindow | Process list updated: 236 processes
2026-09-09 15:16:15 | DEBUG    | RAMGuard.ProcessScanner | Scanned 236 processes (threshold=0.5 MB)
2026-09-09 15:16:15 | DEBUG    | RAMGuard.MainWindow | Process list updated: 236 processes
2026-09-09 15:16:25 | DEBUG    | RAMGuard.ProcessScanner | Scanned 235 processes (threshold=0.5 MB)
2026-09-09 15:16:25 | DEBUG    | RAMGuard.MainWindow | Process list updated: 235 processes
2026-09-09 15:16:34 | DEBUG    | RAMGuard.ProcessScanner | Scanned 235 processes (threshold=0.5 MB)
2026-09-09 15:16:34 | DEBUG    | RAMGuard.MainWindow | Process list updated: 235 processes
2026-09-09 15:16:44 | DEBUG    | RAMGuard.ProcessScanner | Scanned 234 processes (threshold=0.5 MB)
2026-09-09 15:16:44 | DEBUG    | RAMGuard.MainWindow | Process list updated: 234 processes
2026-09-09 15:16:56 | DEBUG    | RAMGuard.ProcessScanner | Scanned 237 processes (threshold=0.5 MB)
2026-09-09 15:16:56 | DEBUG    | RAMGuard.MainWindow | Process list updated: 237 processes
2026-09-09 15:17:07 | DEBUG    | RAMGuard.ProcessScanner | Scanned 237 processes (threshold=0.5 MB)
2026-09-09 15:17:50 | DEBUG    | RAMGuard.Config | Config loaded from D:\Poject\Degree Project\16 Memory magement system (RamGuard)(os) Done\config\config.json
2026-09-09 15:17:50 | INFO     | RAMGuard | ============================================================
2026-09-09 15:17:50 | INFO     | RAMGuard | RAMGuard starting up
2026-09-09 15:17:50 | INFO     | RAMGuard | Python: 3.12.10 (tags/v3.12.10:0cc8128, Apr  8 2025, 12:21:36) [MSC v.1943 64 bit (AMD64)]
2026-09-09 15:17:50 | INFO     | RAMGuard | Platform: win32
2026-09-09 15:17:50 | INFO     | RAMGuard | ============================================================
2026-09-09 15:17:52 | INFO     | RAMGuard | Initialising database…
2026-09-09 15:17:52 | INFO     | RAMGuard.Database | Database initialised at D:\Poject\Degree Project\16 Memory magement system (RamGuard)(os) Done\data\ramguard.db
2026-09-09 15:17:52 | INFO     | RAMGuard | Loading configuration…
2026-09-09 15:17:52 | DEBUG    | RAMGuard.Config | Config loaded from D:\Poject\Degree Project\16 Memory magement system (RamGuard)(os) Done\config\config.json
2026-09-09 15:17:52 | INFO     | RAMGuard | Building main window…
2026-09-09 15:17:52 | INFO     | RAMGuard.SafetyManager | ProcessSafetyManager initialised (own PID=15484)
2026-09-09 15:17:52 | INFO     | RAMGuard.MemoryMonitor | MemoryMonitor initialised
2026-09-09 15:17:52 | INFO     | RAMGuard.StartupManager | Loaded 9 startup entries
2026-09-09 15:17:53 | INFO     | RAMGuard.MemoryMonitor | MemoryMonitor initialised
2026-09-09 15:17:53 | DEBUG    | RAMGuard.Workers | MonitorWorker started (interval=3s)
2026-09-09 15:17:53 | INFO     | RAMGuard | RAMGuard started successfully.
2026-09-09 15:17:59 | DEBUG    | RAMGuard.ProcessScanner | Scanned 239 processes (threshold=0.5 MB)
2026-09-09 15:17:59 | DEBUG    | RAMGuard.MainWindow | Process list updated: 239 processes
2026-09-09 15:18:08 | DEBUG    | RAMGuard.ProcessScanner | Scanned 239 processes (threshold=0.5 MB)
2026-09-09 15:18:08 | DEBUG    | RAMGuard.MainWindow | Process list updated: 239 processes
2026-09-09 15:18:19 | DEBUG    | RAMGuard.ProcessScanner | Scanned 236 processes (threshold=0.5 MB)
2026-09-09 15:18:19 | DEBUG    | RAMGuard.MainWindow | Process list updated: 236 processes
2026-09-09 15:18:28 | DEBUG    | RAMGuard.ProcessScanner | Scanned 235 processes (threshold=0.5 MB)
2026-09-09 15:18:28 | DEBUG    | RAMGuard.MainWindow | Process list updated: 235 processes
2026-09-09 15:18:38 | DEBUG    | RAMGuard.ProcessScanner | Scanned 236 processes (threshold=0.5 MB)
2026-09-09 15:18:38 | DEBUG    | RAMGuard.MainWindow | Process list updated: 236 processes
2026-09-09 15:18:48 | DEBUG    | RAMGuard.ProcessScanner | Scanned 236 processes (threshold=0.5 MB)
2026-09-09 15:18:48 | DEBUG    | RAMGuard.MainWindow | Process list updated: 236 processes
2026-09-09 15:18:58 | DEBUG    | RAMGuard.ProcessScanner | Scanned 236 processes (threshold=0.5 MB)
2026-09-09 15:18:58 | DEBUG    | RAMGuard.MainWindow | Process list updated: 236 processes
2026-09-09 15:19:08 | DEBUG    | RAMGuard.ProcessScanner | Scanned 236 processes (threshold=0.5 MB)
2026-09-09 15:19:08 | DEBUG    | RAMGuard.MainWindow | Process list updated: 236 processes
2026-09-09 15:19:17 | DEBUG    | RAMGuard.ProcessScanner | Scanned 236 processes (threshold=0.5 MB)
2026-09-09 15:19:17 | DEBUG    | RAMGuard.MainWindow | Process list updated: 236 processes
2026-09-09 15:19:27 | DEBUG    | RAMGuard.ProcessScanner | Scanned 238 processes (threshold=0.5 MB)
2026-09-09 15:19:27 | DEBUG    | RAMGuard.MainWindow | Process list updated: 238 processes
2026-09-09 15:19:38 | DEBUG    | RAMGuard.ProcessScanner | Scanned 237 processes (threshold=0.5 MB)
2026-09-09 15:19:38 | DEBUG    | RAMGuard.MainWindow | Process list updated: 237 processes
2026-09-09 15:19:49 | DEBUG    | RAMGuard.ProcessScanner | Scanned 237 processes (threshold=0.5 MB)
2026-09-09 15:19:49 | DEBUG    | RAMGuard.MainWindow | Process list updated: 237 processes
2026-09-09 15:19:59 | DEBUG    | RAMGuard.ProcessScanner | Scanned 237 processes (threshold=0.5 MB)
2026-09-09 15:19:59 | DEBUG    | RAMGuard.MainWindow | Process list updated: 237 processes
2026-09-09 15:20:08 | DEBUG    | RAMGuard.ProcessScanner | Scanned 237 processes (threshold=0.5 MB)
2026-09-09 15:20:09 | DEBUG    | RAMGuard.MainWindow | Process list updated: 237 processes
2026-09-09 15:20:18 | DEBUG    | RAMGuard.ProcessScanner | Scanned 237 processes (threshold=0.5 MB)
2026-09-09 15:20:18 | DEBUG    | RAMGuard.MainWindow | Process list updated: 237 processes
2026-09-09 15:20:29 | DEBUG    | RAMGuard.ProcessScanner | Scanned 237 processes (threshold=0.5 MB)
2026-09-09 15:20:29 | DEBUG    | RAMGuard.MainWindow | Process list updated: 237 processes
2026-09-09 15:20:38 | DEBUG    | RAMGuard.ProcessScanner | Scanned 237 processes (threshold=0.5 MB)
2026-09-09 15:20:38 | DEBUG    | RAMGuard.MainWindow | Process list updated: 237 processes
2026-09-09 15:20:48 | DEBUG    | RAMGuard.ProcessScanner | Scanned 237 processes (threshold=0.5 MB)
2026-09-09 15:20:48 | DEBUG    | RAMGuard.MainWindow | Process list updated: 237 processes
2026-09-09 15:20:58 | DEBUG    | RAMGuard.ProcessScanner | Scanned 240 processes (threshold=0.5 MB)
2026-09-09 15:20:58 | DEBUG    | RAMGuard.MainWindow | Process list updated: 240 processes
2026-09-09 15:21:09 | DEBUG    | RAMGuard.ProcessScanner | Scanned 239 processes (threshold=0.5 MB)
2026-09-09 15:21:09 | DEBUG    | RAMGuard.MainWindow | Process list updated: 239 processes
2026-09-09 15:21:19 | DEBUG    | RAMGuard.ProcessScanner | Scanned 243 processes (threshold=0.5 MB)
2026-09-09 15:21:19 | DEBUG    | RAMGuard.MainWindow | Process list updated: 243 processes
2026-09-09 15:21:29 | DEBUG    | RAMGuard.ProcessScanner | Scanned 244 processes (threshold=0.5 MB)
2026-09-09 15:21:29 | DEBUG    | RAMGuard.MainWindow | Process list updated: 244 processes
2026-09-09 15:21:39 | DEBUG    | RAMGuard.ProcessScanner | Scanned 242 processes (threshold=0.5 MB)
2026-09-09 15:21:39 | DEBUG    | RAMGuard.MainWindow | Process list updated: 242 processes
2026-09-09 15:21:49 | DEBUG    | RAMGuard.ProcessScanner | Scanned 242 processes (threshold=0.5 MB)
2026-09-09 15:22:27 | DEBUG    | RAMGuard.MainWindow | Process list updated: 242 processes
2026-09-09 15:22:37 | DEBUG    | RAMGuard.ProcessScanner | Scanned 237 processes (threshold=0.5 MB)
2026-09-09 15:22:37 | DEBUG    | RAMGuard.MainWindow | Process list updated: 237 processes
2026-09-09 15:22:47 | DEBUG    | RAMGuard.ProcessScanner | Scanned 237 processes (threshold=0.5 MB)
2026-09-09 15:22:47 | DEBUG    | RAMGuard.MainWindow | Process list updated: 237 processes
2026-09-09 15:22:56 | DEBUG    | RAMGuard.ProcessScanner | Scanned 230 processes (threshold=0.5 MB)
2026-09-09 15:22:56 | DEBUG    | RAMGuard.MainWindow | Process list updated: 230 processes
2026-09-09 15:23:05 | DEBUG    | RAMGuard.ProcessScanner | Scanned 230 processes (threshold=0.5 MB)
2026-09-09 15:23:05 | DEBUG    | RAMGuard.MainWindow | Process list updated: 230 processes
2026-09-09 15:23:14 | DEBUG    | RAMGuard.ProcessScanner | Scanned 229 processes (threshold=0.5 MB)
2026-09-09 15:23:14 | DEBUG    | RAMGuard.MainWindow | Process list updated: 229 processes
2026-09-09 15:23:23 | DEBUG    | RAMGuard.ProcessScanner | Scanned 229 processes (threshold=0.5 MB)
2026-09-09 15:23:23 | DEBUG    | RAMGuard.MainWindow | Process list updated: 229 processes
2026-09-09 15:23:32 | DEBUG    | RAMGuard.ProcessScanner | Scanned 229 processes (threshold=0.5 MB)
2026-09-09 15:23:52 | DEBUG    | RAMGuard.Config | Config loaded from D:\Poject\Degree Project\16 Memory magement system (RamGuard)(os) Done\config\config.json
2026-09-09 15:23:53 | INFO     | RAMGuard | ============================================================
2026-09-09 15:23:53 | INFO     | RAMGuard | RAMGuard starting up
2026-09-09 15:23:53 | INFO     | RAMGuard | Python: 3.12.10 (tags/v3.12.10:0cc8128, Apr  8 2025, 12:21:36) [MSC v.1943 64 bit (AMD64)]
2026-09-09 15:23:53 | INFO     | RAMGuard | Platform: win32
2026-09-09 15:23:53 | INFO     | RAMGuard | ============================================================
2026-09-09 15:23:55 | INFO     | RAMGuard | Initialising database…
2026-09-09 15:23:55 | INFO     | RAMGuard.Database | Database initialised at D:\Poject\Degree Project\16 Memory magement system (RamGuard)(os) Done\data\ramguard.db
2026-09-09 15:23:55 | INFO     | RAMGuard | Loading configuration…
2026-09-09 15:23:55 | DEBUG    | RAMGuard.Config | Config loaded from D:\Poject\Degree Project\16 Memory magement system (RamGuard)(os) Done\config\config.json
2026-09-09 15:23:55 | INFO     | RAMGuard | Building main window…
2026-09-09 15:23:55 | INFO     | RAMGuard.SafetyManager | ProcessSafetyManager initialised (own PID=19268)
2026-09-09 15:23:55 | INFO     | RAMGuard.MemoryMonitor | MemoryMonitor initialised
2026-09-09 15:23:55 | INFO     | RAMGuard.StartupManager | Loaded 9 startup entries
2026-09-09 15:23:55 | INFO     | RAMGuard.MemoryMonitor | MemoryMonitor initialised
2026-09-09 15:23:55 | DEBUG    | RAMGuard.Workers | MonitorWorker started (interval=3s)
2026-09-09 15:23:55 | INFO     | RAMGuard | RAMGuard started successfully.
2026-09-09 15:24:00 | DEBUG    | RAMGuard.ProcessScanner | Scanned 230 processes (threshold=0.5 MB)
2026-09-09 15:24:01 | DEBUG    | RAMGuard.MainWindow | Process list updated: 230 processes
2026-09-09 15:24:10 | DEBUG    | RAMGuard.ProcessScanner | Scanned 230 processes (threshold=0.5 MB)
2026-09-09 15:24:12 | DEBUG    | RAMGuard.MainWindow | Process list updated: 230 processes
2026-09-09 15:24:22 | DEBUG    | RAMGuard.ProcessScanner | Scanned 236 processes (threshold=0.5 MB)
2026-09-09 15:24:23 | DEBUG    | RAMGuard.MainWindow | Process list updated: 236 processes
2026-09-09 15:24:35 | DEBUG    | RAMGuard.ProcessScanner | Scanned 248 processes (threshold=0.5 MB)
2026-09-09 15:24:37 | DEBUG    | RAMGuard.MainWindow | Process list updated: 248 processes
2026-09-09 15:24:48 | DEBUG    | RAMGuard.ProcessScanner | Scanned 256 processes (threshold=0.5 MB)
2026-09-09 15:24:50 | DEBUG    | RAMGuard.MainWindow | Process list updated: 256 processes
2026-09-09 15:25:00 | DEBUG    | RAMGuard.ProcessScanner | Scanned 252 processes (threshold=0.5 MB)
2026-09-09 15:25:01 | DEBUG    | RAMGuard.MainWindow | Process list updated: 252 processes
2026-09-09 15:25:11 | DEBUG    | RAMGuard.ProcessScanner | Scanned 250 processes (threshold=0.5 MB)
2026-09-09 15:25:13 | DEBUG    | RAMGuard.MainWindow | Process list updated: 250 processes
2026-09-09 15:25:24 | DEBUG    | RAMGuard.ProcessScanner | Scanned 249 processes (threshold=0.5 MB)
2026-09-09 15:25:26 | DEBUG    | RAMGuard.MainWindow | Process list updated: 249 processes
2026-09-09 15:25:36 | DEBUG    | RAMGuard.ProcessScanner | Scanned 249 processes (threshold=0.5 MB)
2026-09-09 15:25:38 | DEBUG    | RAMGuard.MainWindow | Process list updated: 249 processes
2026-09-09 15:25:49 | DEBUG    | RAMGuard.ProcessScanner | Scanned 249 processes (threshold=0.5 MB)
2026-09-09 15:25:51 | DEBUG    | RAMGuard.MainWindow | Process list updated: 249 processes
2026-09-09 15:26:02 | DEBUG    | RAMGuard.ProcessScanner | Scanned 248 processes (threshold=0.5 MB)
2026-09-09 15:26:04 | DEBUG    | RAMGuard.MainWindow | Process list updated: 248 processes
2026-09-09 15:26:16 | DEBUG    | RAMGuard.ProcessScanner | Scanned 248 processes (threshold=0.5 MB)
2026-09-09 15:26:17 | DEBUG    | RAMGuard.MainWindow | Process list updated: 248 processes
2026-09-09 15:26:28 | DEBUG    | RAMGuard.ProcessScanner | Scanned 247 processes (threshold=0.5 MB)
2026-09-09 15:26:30 | DEBUG    | RAMGuard.MainWindow | Process list updated: 247 processes
2026-09-09 15:26:40 | DEBUG    | RAMGuard.ProcessScanner | Scanned 247 processes (threshold=0.5 MB)
2026-09-09 15:26:41 | DEBUG    | RAMGuard.MainWindow | Process list updated: 247 processes
2026-09-09 15:26:51 | DEBUG    | RAMGuard.ProcessScanner | Scanned 247 processes (threshold=0.5 MB)
2026-09-09 15:26:53 | DEBUG    | RAMGuard.MainWindow | Process list updated: 247 processes
2026-09-09 15:27:04 | DEBUG    | RAMGuard.ProcessScanner | Scanned 247 processes (threshold=0.5 MB)
2026-09-09 15:27:06 | DEBUG    | RAMGuard.MainWindow | Process list updated: 247 processes
2026-09-09 15:27:16 | DEBUG    | RAMGuard.ProcessScanner | Scanned 248 processes (threshold=0.5 MB)
2026-09-09 15:27:17 | DEBUG    | RAMGuard.MainWindow | Process list updated: 248 processes
2026-09-09 15:27:27 | DEBUG    | RAMGuard.ProcessScanner | Scanned 249 processes (threshold=0.5 MB)
2026-09-09 15:27:29 | DEBUG    | RAMGuard.MainWindow | Process list updated: 249 processes
2026-09-09 15:27:40 | DEBUG    | RAMGuard.ProcessScanner | Scanned 244 processes (threshold=0.5 MB)
2026-09-09 15:27:41 | DEBUG    | RAMGuard.MainWindow | Process list updated: 244 processes
2026-09-09 15:27:52 | DEBUG    | RAMGuard.ProcessScanner | Scanned 245 processes (threshold=0.5 MB)
2026-09-09 15:27:53 | DEBUG    | RAMGuard.MainWindow | Process list updated: 245 processes
2026-09-09 15:28:04 | DEBUG    | RAMGuard.ProcessScanner | Scanned 236 processes (threshold=0.5 MB)
2026-09-09 15:28:05 | DEBUG    | RAMGuard.MainWindow | Process list updated: 236 processes
2026-09-09 15:28:15 | DEBUG    | RAMGuard.ProcessScanner | Scanned 236 processes (threshold=0.5 MB)
2026-09-09 15:28:17 | DEBUG    | RAMGuard.MainWindow | Process list updated: 236 processes
2026-09-09 15:28:27 | DEBUG    | RAMGuard.ProcessScanner | Scanned 234 processes (threshold=0.5 MB)
2026-09-09 15:28:28 | DEBUG    | RAMGuard.MainWindow | Process list updated: 234 processes
2026-09-09 15:28:38 | DEBUG    | RAMGuard.ProcessScanner | Scanned 234 processes (threshold=0.5 MB)
2026-09-09 15:28:40 | DEBUG    | RAMGuard.MainWindow | Process list updated: 234 processes
2026-09-09 15:28:50 | DEBUG    | RAMGuard.ProcessScanner | Scanned 233 processes (threshold=0.5 MB)
2026-09-09 15:28:51 | DEBUG    | RAMGuard.MainWindow | Process list updated: 233 processes
2026-09-09 15:29:01 | DEBUG    | RAMGuard.ProcessScanner | Scanned 232 processes (threshold=0.5 MB)
2026-09-09 15:29:02 | DEBUG    | RAMGuard.MainWindow | Process list updated: 232 processes
2026-09-09 15:29:12 | DEBUG    | RAMGuard.ProcessScanner | Scanned 232 processes (threshold=0.5 MB)
2026-09-09 15:29:14 | DEBUG    | RAMGuard.MainWindow | Process list updated: 232 processes
2026-09-09 15:29:24 | DEBUG    | RAMGuard.ProcessScanner | Scanned 232 processes (threshold=0.5 MB)
2026-09-09 15:29:25 | DEBUG    | RAMGuard.MainWindow | Process list updated: 232 processes
2026-09-09 15:29:35 | DEBUG    | RAMGuard.ProcessScanner | Scanned 233 processes (threshold=0.5 MB)
2026-09-09 15:29:36 | DEBUG    | RAMGuard.MainWindow | Process list updated: 233 processes
2026-09-09 15:29:46 | DEBUG    | RAMGuard.ProcessScanner | Scanned 233 processes (threshold=0.5 MB)
2026-09-09 15:29:48 | DEBUG    | RAMGuard.MainWindow | Process list updated: 233 processes
2026-09-09 15:29:58 | DEBUG    | RAMGuard.ProcessScanner | Scanned 233 processes (threshold=0.5 MB)
2026-09-09 15:29:59 | DEBUG    | RAMGuard.MainWindow | Process list updated: 233 processes
2026-09-09 15:30:09 | DEBUG    | RAMGuard.ProcessScanner | Scanned 233 processes (threshold=0.5 MB)
2026-09-09 15:30:10 | DEBUG    | RAMGuard.MainWindow | Process list updated: 233 processes
2026-09-09 15:30:20 | DEBUG    | RAMGuard.ProcessScanner | Scanned 231 processes (threshold=0.5 MB)
2026-09-09 15:30:21 | DEBUG    | RAMGuard.MainWindow | Process list updated: 231 processes
2026-09-09 15:30:30 | DEBUG    | RAMGuard.ProcessScanner | Scanned 231 processes (threshold=0.5 MB)
2026-09-09 15:30:32 | DEBUG    | RAMGuard.MainWindow | Process list updated: 231 processes
2026-09-09 15:30:40 | INFO     | RAMGuard.Optimizer | Starting SAFE optimization for 8 process(es).
2026-09-09 15:30:40 | INFO     | RAMGuard.Optimizer | Closing 'MemCompression' (PID 3548) gracefully…
2026-09-09 15:30:40 | INFO     | RAMGuard.Optimizer | ⚠ Cannot close 'MemCompression' — Windows denied access.
2026-09-09 15:30:40 | INFO     | RAMGuard.Optimizer | Closing 'Antigravity IDE.exe' (PID 15508) gracefully…
2026-09-09 15:30:40 | INFO     | RAMGuard.Optimizer | ✓ 'Antigravity IDE.exe' closed successfully.
2026-09-09 15:30:40 | INFO     | RAMGuard.Optimizer | Closing 'chrome.exe' (PID 14156) gracefully…
2026-09-09 15:30:40 | INFO     | RAMGuard.Optimizer | ✓ 'chrome.exe' closed successfully.
2026-09-09 15:30:40 | INFO     | RAMGuard.Optimizer | Closing 'Antigravity IDE.exe' (PID 9904) gracefully…
2026-09-09 16:12:51 | DEBUG    | RAMGuard.Config | Config loaded from D:\Poject\Degree Project\16 Memory magement system (RamGuard)(os) Done\config\config.json
2026-09-09 16:12:51 | INFO     | RAMGuard | ============================================================
2026-09-09 16:12:51 | INFO     | RAMGuard | RAMGuard starting up
2026-09-09 16:12:51 | INFO     | RAMGuard | Python: 3.12.10 (tags/v3.12.10:0cc8128, Apr  8 2025, 12:21:36) [MSC v.1943 64 bit (AMD64)]
2026-09-09 16:12:51 | INFO     | RAMGuard | Platform: win32
2026-09-09 16:12:51 | INFO     | RAMGuard | ============================================================
2026-09-09 16:12:56 | INFO     | RAMGuard | Initialising database…
2026-09-09 16:12:56 | INFO     | RAMGuard.Database | Database initialised at D:\Poject\Degree Project\16 Memory magement system (RamGuard)(os) Done\data\ramguard.db
2026-09-09 16:12:56 | INFO     | RAMGuard | Loading configuration…
2026-09-09 16:12:56 | DEBUG    | RAMGuard.Config | Config loaded from D:\Poject\Degree Project\16 Memory magement system (RamGuard)(os) Done\config\config.json
2026-09-09 16:12:56 | INFO     | RAMGuard | Building main window…
2026-09-09 16:12:56 | INFO     | RAMGuard.SafetyManager | ProcessSafetyManager initialised (own PID=12980)
2026-09-09 16:12:56 | INFO     | RAMGuard.MemoryMonitor | MemoryMonitor initialised
2026-09-09 16:12:56 | INFO     | RAMGuard.StartupManager | Loaded 9 startup entries
2026-09-09 16:12:56 | INFO     | RAMGuard.MemoryMonitor | MemoryMonitor initialised
2026-09-09 16:12:56 | DEBUG    | RAMGuard.Workers | MonitorWorker started (interval=3s)
2026-09-09 16:12:56 | INFO     | RAMGuard | RAMGuard started successfully.
2026-09-09 16:13:00 | DEBUG    | RAMGuard.ProcessScanner | Scanned 226 processes (threshold=0.5 MB)
2026-09-09 16:13:02 | DEBUG    | RAMGuard.MainWindow | Process list updated: 226 processes
2026-09-09 16:13:11 | DEBUG    | RAMGuard.ProcessScanner | Scanned 225 processes (threshold=0.5 MB)
2026-09-09 16:13:12 | DEBUG    | RAMGuard.MainWindow | Process list updated: 225 processes
2026-09-09 16:13:21 | DEBUG    | RAMGuard.ProcessScanner | Scanned 229 processes (threshold=0.5 MB)
2026-09-09 16:13:23 | DEBUG    | RAMGuard.MainWindow | Process list updated: 229 processes
2026-09-09 16:13:32 | DEBUG    | RAMGuard.ProcessScanner | Scanned 229 processes (threshold=0.5 MB)
2026-09-09 16:13:34 | DEBUG    | RAMGuard.MainWindow | Process list updated: 229 processes
2026-09-09 16:13:45 | DEBUG    | RAMGuard.ProcessScanner | Scanned 229 processes (threshold=0.5 MB)
2026-09-09 16:13:47 | DEBUG    | RAMGuard.MainWindow | Process list updated: 229 processes
2026-09-09 16:13:56 | DEBUG    | RAMGuard.ProcessScanner | Scanned 230 processes (threshold=0.5 MB)
2026-09-09 16:13:59 | DEBUG    | RAMGuard.MainWindow | Process list updated: 230 processes
2026-09-09 16:14:08 | DEBUG    | RAMGuard.ProcessScanner | Scanned 232 processes (threshold=0.5 MB)
2026-09-09 16:14:10 | DEBUG    | RAMGuard.MainWindow | Process list updated: 232 processes
2026-09-09 16:14:20 | DEBUG    | RAMGuard.ProcessScanner | Scanned 228 processes (threshold=0.5 MB)
2026-09-09 16:14:22 | DEBUG    | RAMGuard.MainWindow | Process list updated: 228 processes
2026-09-09 16:14:30 | DEBUG    | RAMGuard.ProcessScanner | Scanned 227 processes (threshold=0.5 MB)
2026-09-09 16:14:32 | DEBUG    | RAMGuard.MainWindow | Process list updated: 227 processes
2026-09-09 16:14:41 | DEBUG    | RAMGuard.ProcessScanner | Scanned 227 processes (threshold=0.5 MB)
2026-09-09 16:14:44 | DEBUG    | RAMGuard.MainWindow | Process list updated: 227 processes
2026-09-09 16:14:54 | DEBUG    | RAMGuard.ProcessScanner | Scanned 233 processes (threshold=0.5 MB)
2026-09-09 16:14:56 | DEBUG    | RAMGuard.MainWindow | Process list updated: 233 processes
2026-09-09 16:15:04 | DEBUG    | RAMGuard.ProcessScanner | Scanned 223 processes (threshold=0.5 MB)
2026-09-09 16:15:06 | DEBUG    | RAMGuard.MainWindow | Process list updated: 223 processes
2026-09-09 16:15:14 | DEBUG    | RAMGuard.ProcessScanner | Scanned 222 processes (threshold=0.5 MB)
2026-09-09 16:15:16 | DEBUG    | RAMGuard.MainWindow | Process list updated: 222 processes
2026-09-09 16:15:24 | DEBUG    | RAMGuard.ProcessScanner | Scanned 233 processes (threshold=0.5 MB)
2026-09-09 16:15:26 | DEBUG    | RAMGuard.MainWindow | Process list updated: 233 processes
2026-09-09 16:15:35 | DEBUG    | RAMGuard.ProcessScanner | Scanned 231 processes (threshold=0.5 MB)
2026-09-09 16:15:37 | DEBUG    | RAMGuard.MainWindow | Process list updated: 231 processes
2026-09-09 16:15:45 | DEBUG    | RAMGuard.ProcessScanner | Scanned 231 processes (threshold=0.5 MB)
2026-09-09 16:15:47 | DEBUG    | RAMGuard.MainWindow | Process list updated: 231 processes
2026-09-09 16:15:55 | DEBUG    | RAMGuard.ProcessScanner | Scanned 229 processes (threshold=0.5 MB)
2026-09-09 16:15:57 | DEBUG    | RAMGuard.MainWindow | Process list updated: 229 processes
2026-09-09 16:16:05 | DEBUG    | RAMGuard.ProcessScanner | Scanned 232 processes (threshold=0.5 MB)
2026-09-09 16:16:07 | DEBUG    | RAMGuard.MainWindow | Process list updated: 232 processes
2026-09-09 16:16:16 | DEBUG    | RAMGuard.ProcessScanner | Scanned 231 processes (threshold=0.5 MB)
2026-09-09 16:16:18 | DEBUG    | RAMGuard.MainWindow | Process list updated: 231 processes
2026-09-09 16:16:31 | DEBUG    | RAMGuard.ProcessScanner | Scanned 234 processes (threshold=0.5 MB)
2026-09-09 16:16:33 | DEBUG    | RAMGuard.MainWindow | Process list updated: 234 processes
2026-09-09 16:16:43 | DEBUG    | RAMGuard.ProcessScanner | Scanned 245 processes (threshold=0.5 MB)
2026-09-09 16:16:45 | DEBUG    | RAMGuard.MainWindow | Process list updated: 245 processes
2026-09-09 16:16:54 | DEBUG    | RAMGuard.ProcessScanner | Scanned 245 processes (threshold=0.5 MB)
2026-09-09 16:16:56 | DEBUG    | RAMGuard.MainWindow | Process list updated: 245 processes
2026-09-09 16:17:05 | DEBUG    | RAMGuard.ProcessScanner | Scanned 245 processes (threshold=0.5 MB)
2026-09-09 16:17:07 | DEBUG    | RAMGuard.MainWindow | Process list updated: 245 processes
2026-09-09 16:17:17 | DEBUG    | RAMGuard.ProcessScanner | Scanned 244 processes (threshold=0.5 MB)
2026-09-09 16:17:19 | DEBUG    | RAMGuard.MainWindow | Process list updated: 244 processes
2026-09-09 16:17:28 | DEBUG    | RAMGuard.ProcessScanner | Scanned 244 processes (threshold=0.5 MB)
2026-09-09 16:17:30 | DEBUG    | RAMGuard.MainWindow | Process list updated: 244 processes
2026-09-09 16:17:39 | DEBUG    | RAMGuard.ProcessScanner | Scanned 242 processes (threshold=0.5 MB)
2026-09-09 16:17:42 | DEBUG    | RAMGuard.MainWindow | Process list updated: 242 processes
2026-09-09 16:17:51 | DEBUG    | RAMGuard.ProcessScanner | Scanned 242 processes (threshold=0.5 MB)
2026-09-09 16:17:53 | DEBUG    | RAMGuard.MainWindow | Process list updated: 242 processes
2026-09-09 16:18:04 | DEBUG    | RAMGuard.ProcessScanner | Scanned 241 processes (threshold=0.5 MB)
2026-09-09 16:18:06 | DEBUG    | RAMGuard.MainWindow | Process list updated: 241 processes
2026-09-09 16:18:16 | DEBUG    | RAMGuard.ProcessScanner | Scanned 240 processes (threshold=0.5 MB)
2026-09-09 16:18:18 | DEBUG    | RAMGuard.MainWindow | Process list updated: 240 processes
2026-09-09 16:18:28 | DEBUG    | RAMGuard.ProcessScanner | Scanned 240 processes (threshold=0.5 MB)
2026-09-09 16:18:30 | DEBUG    | RAMGuard.MainWindow | Process list updated: 240 processes
2026-09-09 16:18:40 | DEBUG    | RAMGuard.ProcessScanner | Scanned 239 processes (threshold=0.5 MB)
2026-09-09 16:18:42 | DEBUG    | RAMGuard.MainWindow | Process list updated: 239 processes
2026-09-09 16:18:42 | INFO     | RAMGuard.MainWindow | RAMGuard shutting down…
2026-09-09 16:29:14 | DEBUG    | RAMGuard.Config | Config loaded from D:\Poject\Degree Project\16 Memory magement system (RamGuard)(os) Done\config\config.json
2026-09-09 16:29:15 | INFO     | RAMGuard | ============================================================
2026-09-09 16:29:15 | INFO     | RAMGuard | RAMGuard starting up
2026-09-09 16:29:15 | INFO     | RAMGuard | Python: 3.12.10 (tags/v3.12.10:0cc8128, Apr  8 2025, 12:21:36) [MSC v.1943 64 bit (AMD64)]
2026-09-09 16:29:15 | INFO     | RAMGuard | Platform: win32
2026-09-09 16:29:15 | INFO     | RAMGuard | ============================================================
2026-09-09 16:29:17 | INFO     | RAMGuard | Initialising database…
2026-09-09 16:29:17 | INFO     | RAMGuard.Database | Database initialised at D:\Poject\Degree Project\16 Memory magement system (RamGuard)(os) Done\data\ramguard.db
2026-09-09 16:29:17 | INFO     | RAMGuard | Loading configuration…
2026-09-09 16:29:17 | DEBUG    | RAMGuard.Config | Config loaded from D:\Poject\Degree Project\16 Memory magement system (RamGuard)(os) Done\config\config.json
2026-09-09 16:29:17 | INFO     | RAMGuard | Building main window…
2026-09-09 16:29:17 | INFO     | RAMGuard.SafetyManager | ProcessSafetyManager initialised (own PID=20620)
2026-09-09 16:29:17 | INFO     | RAMGuard.MemoryMonitor | MemoryMonitor initialised
2026-09-09 16:29:17 | INFO     | RAMGuard.StartupManager | Loaded 9 startup entries
2026-09-09 16:29:17 | INFO     | RAMGuard.MemoryMonitor | MemoryMonitor initialised
2026-09-09 16:29:17 | DEBUG    | RAMGuard.Workers | MonitorWorker started (interval=3s)
2026-09-09 16:29:17 | INFO     | RAMGuard | RAMGuard started successfully.
2026-09-09 16:29:22 | DEBUG    | RAMGuard.ProcessScanner | Scanned 244 processes (threshold=0.5 MB)
2026-09-09 16:29:24 | DEBUG    | RAMGuard.MainWindow | Process list updated: 244 processes
2026-09-09 16:29:34 | DEBUG    | RAMGuard.ProcessScanner | Scanned 243 processes (threshold=0.5 MB)
2026-09-09 16:29:36 | DEBUG    | RAMGuard.MainWindow | Process list updated: 243 processes
2026-09-09 16:29:45 | DEBUG    | RAMGuard.ProcessScanner | Scanned 245 processes (threshold=0.5 MB)
2026-09-09 16:29:47 | DEBUG    | RAMGuard.MainWindow | Process list updated: 245 processes
2026-09-09 16:29:56 | DEBUG    | RAMGuard.ProcessScanner | Scanned 243 processes (threshold=0.5 MB)
2026-09-09 16:29:59 | DEBUG    | RAMGuard.MainWindow | Process list updated: 243 processes
2026-09-09 16:30:08 | DEBUG    | RAMGuard.ProcessScanner | Scanned 243 processes (threshold=0.5 MB)
2026-09-09 16:30:10 | DEBUG    | RAMGuard.MainWindow | Process list updated: 243 processes
2026-09-09 16:30:19 | DEBUG    | RAMGuard.ProcessScanner | Scanned 243 processes (threshold=0.5 MB)
2026-09-09 16:30:21 | DEBUG    | RAMGuard.MainWindow | Process list updated: 243 processes
2026-09-09 16:30:30 | DEBUG    | RAMGuard.ProcessScanner | Scanned 242 processes (threshold=0.5 MB)
2026-09-09 16:30:32 | DEBUG    | RAMGuard.MainWindow | Process list updated: 242 processes
2026-09-09 16:30:41 | DEBUG    | RAMGuard.ProcessScanner | Scanned 242 processes (threshold=0.5 MB)
2026-09-09 16:30:43 | DEBUG    | RAMGuard.MainWindow | Process list updated: 242 processes
2026-09-09 16:30:52 | DEBUG    | RAMGuard.ProcessScanner | Scanned 239 processes (threshold=0.5 MB)
2026-09-09 16:30:54 | DEBUG    | RAMGuard.MainWindow | Process list updated: 239 processes
2026-09-09 16:31:03 | DEBUG    | RAMGuard.ProcessScanner | Scanned 238 processes (threshold=0.5 MB)
2026-09-09 16:31:05 | DEBUG    | RAMGuard.MainWindow | Process list updated: 238 processes
2026-09-09 16:31:13 | DEBUG    | RAMGuard.ProcessScanner | Scanned 238 processes (threshold=0.5 MB)
2026-09-09 16:31:16 | DEBUG    | RAMGuard.MainWindow | Process list updated: 238 processes
2026-09-09 16:31:24 | DEBUG    | RAMGuard.ProcessScanner | Scanned 238 processes (threshold=0.5 MB)
2026-09-09 16:31:26 | DEBUG    | RAMGuard.MainWindow | Process list updated: 238 processes
2026-09-09 16:31:35 | DEBUG    | RAMGuard.ProcessScanner | Scanned 238 processes (threshold=0.5 MB)
2026-09-09 16:31:37 | DEBUG    | RAMGuard.MainWindow | Process list updated: 238 processes
2026-09-09 16:31:46 | DEBUG    | RAMGuard.ProcessScanner | Scanned 238 processes (threshold=0.5 MB)
2026-09-09 16:31:48 | DEBUG    | RAMGuard.MainWindow | Process list updated: 238 processes
2026-09-09 16:31:56 | DEBUG    | RAMGuard.ProcessScanner | Scanned 238 processes (threshold=0.5 MB)
2026-09-09 16:31:58 | DEBUG    | RAMGuard.MainWindow | Process list updated: 238 processes
2026-09-09 16:32:07 | DEBUG    | RAMGuard.ProcessScanner | Scanned 239 processes (threshold=0.5 MB)
2026-09-09 16:32:09 | DEBUG    | RAMGuard.MainWindow | Process list updated: 239 processes
2026-09-09 16:32:18 | DEBUG    | RAMGuard.ProcessScanner | Scanned 239 processes (threshold=0.5 MB)
2026-09-09 16:32:20 | DEBUG    | RAMGuard.MainWindow | Process list updated: 239 processes
2026-09-09 16:32:28 | DEBUG    | RAMGuard.ProcessScanner | Scanned 239 processes (threshold=0.5 MB)
2026-09-09 16:32:30 | DEBUG    | RAMGuard.MainWindow | Process list updated: 239 processes
2026-09-09 16:32:39 | DEBUG    | RAMGuard.ProcessScanner | Scanned 239 processes (threshold=0.5 MB)
2026-09-09 16:32:41 | DEBUG    | RAMGuard.MainWindow | Process list updated: 239 processes
2026-09-09 16:32:50 | DEBUG    | RAMGuard.ProcessScanner | Scanned 239 processes (threshold=0.5 MB)
2026-09-09 16:32:53 | DEBUG    | RAMGuard.MainWindow | Process list updated: 239 processes
2026-09-09 16:33:02 | DEBUG    | RAMGuard.ProcessScanner | Scanned 239 processes (threshold=0.5 MB)
2026-09-09 16:33:04 | DEBUG    | RAMGuard.MainWindow | Process list updated: 239 processes
2026-09-09 16:33:13 | DEBUG    | RAMGuard.ProcessScanner | Scanned 239 processes (threshold=0.5 MB)
2026-09-09 16:33:15 | DEBUG    | RAMGuard.MainWindow | Process list updated: 239 processes
2026-09-09 16:33:24 | DEBUG    | RAMGuard.ProcessScanner | Scanned 239 processes (threshold=0.5 MB)
2026-09-09 16:33:26 | DEBUG    | RAMGuard.MainWindow | Process list updated: 239 processes
2026-09-09 16:33:37 | DEBUG    | RAMGuard.ProcessScanner | Scanned 237 processes (threshold=0.5 MB)
2026-09-09 16:33:40 | DEBUG    | RAMGuard.MainWindow | Process list updated: 237 processes
2026-09-09 16:33:51 | DEBUG    | RAMGuard.ProcessScanner | Scanned 257 processes (threshold=0.5 MB)
2026-09-09 16:33:54 | DEBUG    | RAMGuard.MainWindow | Process list updated: 257 processes
2026-09-09 16:34:06 | INFO     | RAMGuard.MainWindow | RAMGuard shutting down…
2026-09-09 16:34:06 | DEBUG    | RAMGuard.ProcessScanner | Scanned 245 processes (threshold=0.5 MB)
2026-09-09 16:34:09 | DEBUG    | RAMGuard.MainWindow | Process list updated: 245 processes
2026-09-09 16:35:03 | DEBUG    | RAMGuard.Config | Config loaded from D:\Poject\Degree Project\16 Memory magement system (RamGuard)(os) Done\config\config.json
2026-09-09 16:35:03 | INFO     | RAMGuard | ============================================================
2026-09-09 16:35:03 | INFO     | RAMGuard | RAMGuard starting up
2026-09-09 16:35:03 | INFO     | RAMGuard | Python: 3.12.10 (tags/v3.12.10:0cc8128, Apr  8 2025, 12:21:36) [MSC v.1943 64 bit (AMD64)]
2026-09-09 16:35:03 | INFO     | RAMGuard | Platform: win32
2026-09-09 16:35:03 | INFO     | RAMGuard | ============================================================
2026-09-09 16:35:05 | INFO     | RAMGuard | Initialising database…
2026-09-09 16:35:05 | INFO     | RAMGuard.Database | Database initialised at D:\Poject\Degree Project\16 Memory magement system (RamGuard)(os) Done\data\ramguard.db
2026-09-09 16:35:05 | INFO     | RAMGuard | Loading configuration…
2026-09-09 16:35:05 | DEBUG    | RAMGuard.Config | Config loaded from D:\Poject\Degree Project\16 Memory magement system (RamGuard)(os) Done\config\config.json
2026-09-09 16:35:05 | INFO     | RAMGuard | Building main window…
2026-09-09 16:35:05 | INFO     | RAMGuard.SafetyManager | ProcessSafetyManager initialised (own PID=6044)
2026-09-09 16:35:05 | INFO     | RAMGuard.MemoryMonitor | MemoryMonitor initialised
2026-09-09 16:35:05 | INFO     | RAMGuard.StartupManager | Loaded 9 startup entries
2026-09-09 16:35:05 | INFO     | RAMGuard.MemoryMonitor | MemoryMonitor initialised
2026-09-09 16:35:05 | DEBUG    | RAMGuard.Workers | MonitorWorker started (interval=3s)
2026-09-09 16:35:05 | INFO     | RAMGuard | RAMGuard started successfully.
2026-09-09 16:35:10 | DEBUG    | RAMGuard.ProcessScanner | Scanned 238 processes (threshold=0.5 MB)
2026-09-09 16:35:12 | DEBUG    | RAMGuard.MainWindow | Process list updated: 238 processes
2026-09-09 16:35:22 | DEBUG    | RAMGuard.ProcessScanner | Scanned 237 processes (threshold=0.5 MB)
2026-09-09 16:35:24 | DEBUG    | RAMGuard.MainWindow | Process list updated: 237 processes
2026-09-09 16:35:35 | DEBUG    | RAMGuard.ProcessScanner | Scanned 236 processes (threshold=0.5 MB)
2026-09-09 16:35:37 | DEBUG    | RAMGuard.MainWindow | Process list updated: 236 processes
2026-09-09 16:35:46 | DEBUG    | RAMGuard.ProcessScanner | Scanned 236 processes (threshold=0.5 MB)
2026-09-09 16:35:48 | DEBUG    | RAMGuard.MainWindow | Process list updated: 236 processes
2026-09-09 16:35:57 | DEBUG    | RAMGuard.ProcessScanner | Scanned 233 processes (threshold=0.5 MB)
2026-09-09 16:35:59 | DEBUG    | RAMGuard.MainWindow | Process list updated: 233 processes
2026-09-09 16:36:08 | DEBUG    | RAMGuard.ProcessScanner | Scanned 233 processes (threshold=0.5 MB)
2026-09-09 16:36:11 | DEBUG    | RAMGuard.MainWindow | Process list updated: 233 processes
2026-09-09 16:36:20 | DEBUG    | RAMGuard.ProcessScanner | Scanned 233 processes (threshold=0.5 MB)
2026-09-09 16:36:22 | DEBUG    | RAMGuard.MainWindow | Process list updated: 233 processes
2026-09-09 16:36:31 | DEBUG    | RAMGuard.ProcessScanner | Scanned 233 processes (threshold=0.5 MB)
2026-09-09 16:36:33 | DEBUG    | RAMGuard.MainWindow | Process list updated: 233 processes
2026-09-09 16:36:42 | DEBUG    | RAMGuard.ProcessScanner | Scanned 233 processes (threshold=0.5 MB)
2026-09-09 16:36:44 | DEBUG    | RAMGuard.MainWindow | Process list updated: 233 processes
2026-09-09 16:36:53 | DEBUG    | RAMGuard.ProcessScanner | Scanned 233 processes (threshold=0.5 MB)
2026-09-09 16:36:55 | DEBUG    | RAMGuard.MainWindow | Process list updated: 233 processes
2026-09-09 16:37:04 | DEBUG    | RAMGuard.ProcessScanner | Scanned 233 processes (threshold=0.5 MB)
2026-09-09 16:37:06 | DEBUG    | RAMGuard.MainWindow | Process list updated: 233 processes
2026-09-09 16:37:15 | DEBUG    | RAMGuard.ProcessScanner | Scanned 233 processes (threshold=0.5 MB)
2026-09-09 16:37:17 | DEBUG    | RAMGuard.MainWindow | Process list updated: 233 processes
2026-09-09 16:37:26 | DEBUG    | RAMGuard.ProcessScanner | Scanned 233 processes (threshold=0.5 MB)
2026-09-09 16:37:28 | DEBUG    | RAMGuard.MainWindow | Process list updated: 233 processes
2026-09-09 16:37:37 | DEBUG    | RAMGuard.ProcessScanner | Scanned 233 processes (threshold=0.5 MB)
2026-09-09 16:37:39 | DEBUG    | RAMGuard.MainWindow | Process list updated: 233 processes
2026-09-09 16:37:49 | DEBUG    | RAMGuard.ProcessScanner | Scanned 230 processes (threshold=0.5 MB)
2026-09-09 16:37:52 | DEBUG    | RAMGuard.MainWindow | Process list updated: 230 processes
2026-09-09 16:38:02 | DEBUG    | RAMGuard.ProcessScanner | Scanned 231 processes (threshold=0.5 MB)
