2026-08-29 11:46:09 | DEBUG    | RAMGuard.Config | Config loaded from D:\Poject\Degree Project\Memory magement system (RamGuard)\config\config.json
2026-08-29 11:46:10 | INFO     | RAMGuard | ============================================================
2026-08-29 11:46:10 | INFO     | RAMGuard | RAMGuard starting up
2026-08-29 11:46:10 | INFO     | RAMGuard | Python: 3.12.10 (tags/v3.12.10:0cc8128, Apr  8 2025, 12:21:36) [MSC v.1943 64 bit (AMD64)]
2026-08-29 11:46:10 | INFO     | RAMGuard | Platform: win32
2026-08-29 11:46:10 | INFO     | RAMGuard | ============================================================
2026-08-29 11:46:15 | INFO     | RAMGuard | Initialising database…
2026-08-29 11:46:15 | INFO     | RAMGuard.Database | Database initialised at D:\Poject\Degree Project\Memory magement system (RamGuard)\data\ramguard.db
2026-08-29 11:46:15 | INFO     | RAMGuard | Loading configuration…
2026-08-29 11:46:15 | DEBUG    | RAMGuard.Config | Config loaded from D:\Poject\Degree Project\Memory magement system (RamGuard)\config\config.json
2026-08-29 11:46:15 | INFO     | RAMGuard | Building main window…
2026-08-29 11:46:15 | INFO     | RAMGuard.SafetyManager | ProcessSafetyManager initialised (own PID=10404)
2026-08-29 11:46:15 | INFO     | RAMGuard.MemoryMonitor | MemoryMonitor initialised
2026-08-29 11:46:15 | INFO     | RAMGuard.StartupManager | Loaded 9 startup entries
2026-08-29 11:46:15 | INFO     | RAMGuard.MemoryMonitor | MemoryMonitor initialised
2026-08-29 11:46:16 | DEBUG    | RAMGuard.Workers | MonitorWorker started (interval=3s)
2026-08-29 11:46:16 | INFO     | RAMGuard | RAMGuard started successfully.
2026-08-29 11:46:20 | DEBUG    | RAMGuard.ProcessScanner | Scanned 236 processes (threshold=0.5 MB)
2026-08-29 11:46:20 | DEBUG    | RAMGuard.MainWindow | Process list updated: 236 processes
2026-08-29 11:46:29 | DEBUG    | RAMGuard.ProcessScanner | Scanned 236 processes (threshold=0.5 MB)
2026-08-29 11:46:29 | DEBUG    | RAMGuard.MainWindow | Process list updated: 236 processes
2026-08-29 11:46:38 | DEBUG    | RAMGuard.ProcessScanner | Scanned 236 processes (threshold=0.5 MB)
2026-08-29 11:46:38 | DEBUG    | RAMGuard.MainWindow | Process list updated: 236 processes
2026-08-29 11:46:46 | DEBUG    | RAMGuard.ProcessScanner | Scanned 233 processes (threshold=0.5 MB)
2026-08-29 11:46:46 | DEBUG    | RAMGuard.MainWindow | Process list updated: 233 processes
2026-08-29 11:46:54 | DEBUG    | RAMGuard.ProcessScanner | Scanned 233 processes (threshold=0.5 MB)
2026-08-29 11:47:41 | DEBUG    | RAMGuard.Config | Config loaded from D:\Poject\Degree Project\Memory magement system (RamGuard)\config\config.json
2026-08-29 11:47:41 | INFO     | RAMGuard | ============================================================
2026-08-29 11:47:41 | INFO     | RAMGuard | RAMGuard starting up
2026-08-29 11:47:41 | INFO     | RAMGuard | Python: 3.12.10 (tags/v3.12.10:0cc8128, Apr  8 2025, 12:21:36) [MSC v.1943 64 bit (AMD64)]
2026-08-29 11:47:41 | INFO     | RAMGuard | Platform: win32
2026-08-29 11:47:41 | INFO     | RAMGuard | ============================================================
2026-08-29 11:47:43 | INFO     | RAMGuard | Initialising database…
2026-08-29 11:47:43 | INFO     | RAMGuard.Database | Database initialised at D:\Poject\Degree Project\Memory magement system (RamGuard)\data\ramguard.db
2026-08-29 11:47:43 | INFO     | RAMGuard | Loading configuration…
2026-08-29 11:47:43 | DEBUG    | RAMGuard.Config | Config loaded from D:\Poject\Degree Project\Memory magement system (RamGuard)\config\config.json
2026-08-29 11:47:43 | INFO     | RAMGuard | Building main window…
2026-08-29 11:47:43 | INFO     | RAMGuard.SafetyManager | ProcessSafetyManager initialised (own PID=6744)
2026-08-29 11:47:43 | INFO     | RAMGuard.MemoryMonitor | MemoryMonitor initialised
2026-08-29 11:47:43 | INFO     | RAMGuard.StartupManager | Loaded 9 startup entries
2026-08-29 11:47:44 | INFO     | RAMGuard.MemoryMonitor | MemoryMonitor initialised
2026-08-29 11:47:44 | DEBUG    | RAMGuard.Workers | MonitorWorker started (interval=3s)
2026-08-29 11:47:44 | INFO     | RAMGuard | RAMGuard started successfully.
2026-08-29 11:47:48 | DEBUG    | RAMGuard.ProcessScanner | Scanned 233 processes (threshold=0.5 MB)
2026-08-29 11:47:48 | DEBUG    | RAMGuard.MainWindow | Process list updated: 233 processes
2026-08-29 11:47:57 | DEBUG    | RAMGuard.ProcessScanner | Scanned 233 processes (threshold=0.5 MB)
2026-08-29 11:47:57 | DEBUG    | RAMGuard.MainWindow | Process list updated: 233 processes
2026-08-29 11:48:05 | DEBUG    | RAMGuard.ProcessScanner | Scanned 233 processes (threshold=0.5 MB)
2026-08-29 11:48:05 | DEBUG    | RAMGuard.MainWindow | Process list updated: 233 processes
2026-08-29 11:48:14 | DEBUG    | RAMGuard.ProcessScanner | Scanned 233 processes (threshold=0.5 MB)
2026-08-29 11:48:14 | DEBUG    | RAMGuard.MainWindow | Process list updated: 233 processes
2026-08-29 11:48:22 | DEBUG    | RAMGuard.ProcessScanner | Scanned 233 processes (threshold=0.5 MB)
2026-08-29 11:48:22 | DEBUG    | RAMGuard.MainWindow | Process list updated: 233 processes
2026-08-29 11:48:31 | DEBUG    | RAMGuard.ProcessScanner | Scanned 232 processes (threshold=0.5 MB)
2026-08-29 11:48:31 | DEBUG    | RAMGuard.MainWindow | Process list updated: 232 processes
2026-08-29 11:48:39 | DEBUG    | RAMGuard.ProcessScanner | Scanned 232 processes (threshold=0.5 MB)
2026-08-29 11:48:39 | DEBUG    | RAMGuard.MainWindow | Process list updated: 232 processes
2026-08-29 11:48:48 | DEBUG    | RAMGuard.ProcessScanner | Scanned 232 processes (threshold=0.5 MB)
2026-08-29 11:48:48 | DEBUG    | RAMGuard.MainWindow | Process list updated: 232 processes
2026-08-29 11:48:56 | DEBUG    | RAMGuard.ProcessScanner | Scanned 232 processes (threshold=0.5 MB)
2026-08-29 11:48:56 | DEBUG    | RAMGuard.MainWindow | Process list updated: 232 processes
2026-08-29 11:49:05 | DEBUG    | RAMGuard.ProcessScanner | Scanned 232 processes (threshold=0.5 MB)
2026-08-29 11:49:05 | DEBUG    | RAMGuard.MainWindow | Process list updated: 232 processes
2026-08-29 11:49:13 | DEBUG    | RAMGuard.ProcessScanner | Scanned 232 processes (threshold=0.5 MB)
2026-08-29 11:49:13 | DEBUG    | RAMGuard.MainWindow | Process list updated: 232 processes
2026-08-29 11:49:21 | DEBUG    | RAMGuard.ProcessScanner | Scanned 232 processes (threshold=0.5 MB)
2026-08-29 11:49:21 | DEBUG    | RAMGuard.MainWindow | Process list updated: 232 processes
2026-08-29 11:49:30 | DEBUG    | RAMGuard.ProcessScanner | Scanned 234 processes (threshold=0.5 MB)
2026-08-29 11:49:30 | DEBUG    | RAMGuard.MainWindow | Process list updated: 234 processes
2026-08-29 11:49:38 | DEBUG    | RAMGuard.ProcessScanner | Scanned 231 processes (threshold=0.5 MB)
2026-08-29 11:49:38 | DEBUG    | RAMGuard.MainWindow | Process list updated: 231 processes
2026-08-29 11:49:46 | DEBUG    | RAMGuard.ProcessScanner | Scanned 232 processes (threshold=0.5 MB)
2026-08-29 11:49:46 | DEBUG    | RAMGuard.MainWindow | Process list updated: 232 processes
2026-08-29 11:49:55 | DEBUG    | RAMGuard.ProcessScanner | Scanned 232 processes (threshold=0.5 MB)
2026-08-29 11:49:55 | DEBUG    | RAMGuard.MainWindow | Process list updated: 232 processes
2026-08-29 11:50:03 | DEBUG    | RAMGuard.ProcessScanner | Scanned 232 processes (threshold=0.5 MB)
2026-08-29 11:50:03 | DEBUG    | RAMGuard.MainWindow | Process list updated: 232 processes
2026-08-29 11:50:12 | DEBUG    | RAMGuard.ProcessScanner | Scanned 231 processes (threshold=0.5 MB)
2026-08-29 11:50:12 | DEBUG    | RAMGuard.MainWindow | Process list updated: 231 processes
2026-08-29 11:50:20 | DEBUG    | RAMGuard.ProcessScanner | Scanned 231 processes (threshold=0.5 MB)
2026-08-29 11:50:20 | DEBUG    | RAMGuard.MainWindow | Process list updated: 231 processes
2026-08-29 11:50:28 | DEBUG    | RAMGuard.ProcessScanner | Scanned 231 processes (threshold=0.5 MB)
2026-08-29 11:50:28 | DEBUG    | RAMGuard.MainWindow | Process list updated: 231 processes
2026-08-29 11:50:36 | DEBUG    | RAMGuard.ProcessScanner | Scanned 231 processes (threshold=0.5 MB)
2026-08-29 11:50:36 | DEBUG    | RAMGuard.MainWindow | Process list updated: 231 processes
2026-08-29 11:50:44 | DEBUG    | RAMGuard.ProcessScanner | Scanned 231 processes (threshold=0.5 MB)
2026-08-29 11:50:45 | DEBUG    | RAMGuard.MainWindow | Process list updated: 231 processes
2026-08-29 11:50:53 | DEBUG    | RAMGuard.ProcessScanner | Scanned 231 processes (threshold=0.5 MB)
2026-08-29 11:50:53 | DEBUG    | RAMGuard.MainWindow | Process list updated: 231 processes
2026-08-29 11:51:01 | DEBUG    | RAMGuard.ProcessScanner | Scanned 231 processes (threshold=0.5 MB)
2026-08-29 11:51:01 | DEBUG    | RAMGuard.MainWindow | Process list updated: 231 processes
2026-08-29 11:51:09 | DEBUG    | RAMGuard.ProcessScanner | Scanned 231 processes (threshold=0.5 MB)
2026-08-29 11:51:09 | DEBUG    | RAMGuard.MainWindow | Process list updated: 231 processes
2026-08-29 11:51:17 | DEBUG    | RAMGuard.ProcessScanner | Scanned 231 processes (threshold=0.5 MB)
2026-08-29 11:51:17 | DEBUG    | RAMGuard.MainWindow | Process list updated: 231 processes
2026-08-29 11:51:25 | DEBUG    | RAMGuard.ProcessScanner | Scanned 231 processes (threshold=0.5 MB)
2026-08-29 11:51:25 | DEBUG    | RAMGuard.MainWindow | Process list updated: 231 processes
2026-08-29 11:51:34 | DEBUG    | RAMGuard.ProcessScanner | Scanned 231 processes (threshold=0.5 MB)
2026-08-29 11:51:34 | DEBUG    | RAMGuard.MainWindow | Process list updated: 231 processes
2026-08-29 11:51:42 | DEBUG    | RAMGuard.ProcessScanner | Scanned 230 processes (threshold=0.5 MB)
2026-08-29 11:51:42 | DEBUG    | RAMGuard.MainWindow | Process list updated: 230 processes
2026-08-29 11:51:50 | DEBUG    | RAMGuard.ProcessScanner | Scanned 231 processes (threshold=0.5 MB)
2026-08-29 11:51:50 | DEBUG    | RAMGuard.MainWindow | Process list updated: 231 processes
2026-08-29 11:51:58 | DEBUG    | RAMGuard.ProcessScanner | Scanned 231 processes (threshold=0.5 MB)
2026-08-29 11:51:58 | DEBUG    | RAMGuard.MainWindow | Process list updated: 231 processes
2026-08-29 11:52:06 | DEBUG    | RAMGuard.ProcessScanner | Scanned 231 processes (threshold=0.5 MB)
2026-08-29 11:52:06 | DEBUG    | RAMGuard.MainWindow | Process list updated: 231 processes
2026-08-29 11:52:15 | DEBUG    | RAMGuard.ProcessScanner | Scanned 231 processes (threshold=0.5 MB)
2026-08-29 11:52:15 | DEBUG    | RAMGuard.MainWindow | Process list updated: 231 processes
2026-08-29 11:52:23 | DEBUG    | RAMGuard.ProcessScanner | Scanned 231 processes (threshold=0.5 MB)
2026-08-29 11:52:23 | DEBUG    | RAMGuard.MainWindow | Process list updated: 231 processes
2026-08-29 11:52:31 | DEBUG    | RAMGuard.ProcessScanner | Scanned 231 processes (threshold=0.5 MB)
2026-08-29 11:52:31 | DEBUG    | RAMGuard.MainWindow | Process list updated: 231 processes
2026-08-29 11:52:39 | DEBUG    | RAMGuard.ProcessScanner | Scanned 230 processes (threshold=0.5 MB)
2026-08-29 11:52:39 | DEBUG    | RAMGuard.MainWindow | Process list updated: 230 processes
2026-08-29 11:52:47 | DEBUG    | RAMGuard.ProcessScanner | Scanned 230 processes (threshold=0.5 MB)
2026-08-29 11:52:47 | DEBUG    | RAMGuard.MainWindow | Process list updated: 230 processes
2026-08-29 11:52:55 | DEBUG    | RAMGuard.ProcessScanner | Scanned 230 processes (threshold=0.5 MB)
2026-08-29 11:52:55 | DEBUG    | RAMGuard.MainWindow | Process list updated: 230 processes
2026-08-29 11:53:03 | DEBUG    | RAMGuard.ProcessScanner | Scanned 230 processes (threshold=0.5 MB)
2026-08-29 11:53:03 | DEBUG    | RAMGuard.MainWindow | Process list updated: 230 processes
2026-08-29 11:53:11 | DEBUG    | RAMGuard.ProcessScanner | Scanned 230 processes (threshold=0.5 MB)
2026-08-29 11:53:12 | DEBUG    | RAMGuard.MainWindow | Process list updated: 230 processes
2026-08-29 11:53:20 | DEBUG    | RAMGuard.ProcessScanner | Scanned 229 processes (threshold=0.5 MB)
2026-08-29 11:53:20 | DEBUG    | RAMGuard.MainWindow | Process list updated: 229 processes
2026-08-29 11:53:28 | DEBUG    | RAMGuard.ProcessScanner | Scanned 229 processes (threshold=0.5 MB)
2026-08-29 11:53:28 | DEBUG    | RAMGuard.MainWindow | Process list updated: 229 processes
2026-08-29 11:53:36 | DEBUG    | RAMGuard.ProcessScanner | Scanned 229 processes (threshold=0.5 MB)
2026-08-29 11:53:36 | DEBUG    | RAMGuard.MainWindow | Process list updated: 229 processes
2026-08-29 11:53:44 | DEBUG    | RAMGuard.ProcessScanner | Scanned 230 processes (threshold=0.5 MB)
2026-08-29 11:53:45 | DEBUG    | RAMGuard.MainWindow | Process list updated: 230 processes
2026-08-29 11:53:53 | DEBUG    | RAMGuard.ProcessScanner | Scanned 231 processes (threshold=0.5 MB)
2026-08-29 11:53:53 | DEBUG    | RAMGuard.MainWindow | Process list updated: 231 processes
2026-08-29 11:54:01 | DEBUG    | RAMGuard.ProcessScanner | Scanned 231 processes (threshold=0.5 MB)
2026-08-29 11:54:01 | DEBUG    | RAMGuard.MainWindow | Process list updated: 231 processes
2026-08-29 11:54:10 | DEBUG    | RAMGuard.ProcessScanner | Scanned 231 processes (threshold=0.5 MB)
2026-08-29 11:54:10 | DEBUG    | RAMGuard.MainWindow | Process list updated: 231 processes
2026-08-29 11:54:19 | DEBUG    | RAMGuard.ProcessScanner | Scanned 231 processes (threshold=0.5 MB)
2026-08-29 11:54:19 | DEBUG    | RAMGuard.MainWindow | Process list updated: 231 processes
2026-08-29 11:54:27 | DEBUG    | RAMGuard.ProcessScanner | Scanned 231 processes (threshold=0.5 MB)
2026-08-29 11:54:27 | DEBUG    | RAMGuard.MainWindow | Process list updated: 231 processes
2026-08-29 11:54:36 | DEBUG    | RAMGuard.ProcessScanner | Scanned 231 processes (threshold=0.5 MB)
2026-08-29 11:54:36 | DEBUG    | RAMGuard.MainWindow | Process list updated: 231 processes
2026-08-29 11:54:37 | INFO     | RAMGuard.Optimizer | Starting CUSTOM optimization for 2 process(es).
2026-08-29 11:54:37 | INFO     | RAMGuard.Optimizer | Closing 'chrome.exe' (PID 10500) gracefully…
2026-08-29 11:54:38 | INFO     | RAMGuard.Optimizer | ✓ 'chrome.exe' closed successfully.
2026-08-29 11:54:38 | INFO     | RAMGuard.Optimizer | Closing 'chrome.exe' (PID 17960) gracefully…
2026-08-29 11:54:38 | INFO     | RAMGuard.Optimizer | ✓ 'chrome.exe' closed successfully.
2026-08-29 11:54:38 | INFO     | RAMGuard.Optimizer | Waiting 1.5s for memory to settle…
2026-08-29 11:54:39 | INFO     | RAMGuard.Optimizer | Optimization complete: 2 closed, 0 failed, ~510 MB freed.
2026-08-29 11:54:39 | INFO     | RAMGuard.Database | Saved optimization session #1
2026-08-29 11:54:43 | DEBUG    | RAMGuard.ProcessScanner | Scanned 220 processes (threshold=0.5 MB)
2026-08-29 11:54:43 | DEBUG    | RAMGuard.MainWindow | Process list updated: 220 processes
2026-08-29 11:54:45 | DEBUG    | RAMGuard.ProcessScanner | Scanned 220 processes (threshold=0.5 MB)
2026-08-29 11:54:46 | DEBUG    | RAMGuard.MainWindow | Process list updated: 220 processes
2026-08-29 11:54:51 | DEBUG    | RAMGuard.ProcessScanner | Scanned 220 processes (threshold=0.5 MB)
2026-08-29 11:54:51 | DEBUG    | RAMGuard.MainWindow | Process list updated: 220 processes
2026-08-29 11:54:54 | DEBUG    | RAMGuard.ProcessScanner | Scanned 220 processes (threshold=0.5 MB)
2026-08-29 11:54:54 | DEBUG    | RAMGuard.MainWindow | Process list updated: 220 processes
2026-08-29 11:55:00 | DEBUG    | RAMGuard.ProcessScanner | Scanned 220 processes (threshold=0.5 MB)
2026-08-29 11:55:00 | DEBUG    | RAMGuard.MainWindow | Process list updated: 220 processes
2026-08-29 11:55:02 | DEBUG    | RAMGuard.ProcessScanner | Scanned 220 processes (threshold=0.5 MB)
2026-08-29 11:55:02 | DEBUG    | RAMGuard.MainWindow | Process list updated: 220 processes
2026-08-29 11:55:08 | DEBUG    | RAMGuard.ProcessScanner | Scanned 220 processes (threshold=0.5 MB)
2026-08-29 11:55:08 | DEBUG    | RAMGuard.MainWindow | Process list updated: 220 processes
2026-08-29 11:55:10 | DEBUG    | RAMGuard.ProcessScanner | Scanned 220 processes (threshold=0.5 MB)
2026-08-29 11:55:11 | DEBUG    | RAMGuard.MainWindow | Process list updated: 220 processes
2026-08-29 11:55:16 | DEBUG    | RAMGuard.ProcessScanner | Scanned 220 processes (threshold=0.5 MB)
2026-08-29 11:55:16 | DEBUG    | RAMGuard.MainWindow | Process list updated: 220 processes
2026-08-29 11:55:19 | DEBUG    | RAMGuard.ProcessScanner | Scanned 220 processes (threshold=0.5 MB)
2026-08-29 11:55:19 | DEBUG    | RAMGuard.MainWindow | Process list updated: 220 processes
2026-08-29 11:55:25 | DEBUG    | RAMGuard.ProcessScanner | Scanned 220 processes (threshold=0.5 MB)
2026-08-29 11:55:25 | DEBUG    | RAMGuard.MainWindow | Process list updated: 220 processes
2026-08-29 11:55:27 | DEBUG    | RAMGuard.ProcessScanner | Scanned 220 processes (threshold=0.5 MB)
2026-08-29 11:55:27 | DEBUG    | RAMGuard.MainWindow | Process list updated: 220 processes
2026-08-29 11:55:33 | DEBUG    | RAMGuard.ProcessScanner | Scanned 220 processes (threshold=0.5 MB)
2026-08-29 11:55:34 | DEBUG    | RAMGuard.MainWindow | Process list updated: 220 processes
2026-08-29 11:55:36 | DEBUG    | RAMGuard.ProcessScanner | Scanned 220 processes (threshold=0.5 MB)
2026-08-29 11:55:36 | DEBUG    | RAMGuard.MainWindow | Process list updated: 220 processes
2026-08-29 11:55:42 | DEBUG    | RAMGuard.ProcessScanner | Scanned 220 processes (threshold=0.5 MB)
2026-08-29 11:55:42 | DEBUG    | RAMGuard.MainWindow | Process list updated: 220 processes
2026-08-29 11:55:44 | DEBUG    | RAMGuard.ProcessScanner | Scanned 219 processes (threshold=0.5 MB)
2026-08-29 11:55:44 | DEBUG    | RAMGuard.MainWindow | Process list updated: 219 processes
2026-08-29 11:55:50 | DEBUG    | RAMGuard.ProcessScanner | Scanned 219 processes (threshold=0.5 MB)
2026-08-29 11:55:50 | DEBUG    | RAMGuard.MainWindow | Process list updated: 219 processes
2026-08-29 11:55:52 | DEBUG    | RAMGuard.ProcessScanner | Scanned 219 processes (threshold=0.5 MB)
2026-08-29 11:55:52 | DEBUG    | RAMGuard.MainWindow | Process list updated: 219 processes
2026-08-29 11:55:58 | DEBUG    | RAMGuard.ProcessScanner | Scanned 219 processes (threshold=0.5 MB)
2026-08-29 11:55:58 | DEBUG    | RAMGuard.MainWindow | Process list updated: 219 processes
2026-08-29 11:56:00 | DEBUG    | RAMGuard.ProcessScanner | Scanned 219 processes (threshold=0.5 MB)
2026-08-29 11:56:01 | DEBUG    | RAMGuard.MainWindow | Process list updated: 219 processes
2026-08-29 11:56:06 | DEBUG    | RAMGuard.ProcessScanner | Scanned 219 processes (threshold=0.5 MB)
2026-08-29 11:56:07 | DEBUG    | RAMGuard.MainWindow | Process list updated: 219 processes
2026-08-29 11:56:09 | DEBUG    | RAMGuard.ProcessScanner | Scanned 219 processes (threshold=0.5 MB)
2026-08-29 11:56:09 | DEBUG    | RAMGuard.MainWindow | Process list updated: 219 processes
2026-08-29 11:56:15 | DEBUG    | RAMGuard.ProcessScanner | Scanned 219 processes (threshold=0.5 MB)
2026-08-29 11:56:15 | DEBUG    | RAMGuard.MainWindow | Process list updated: 219 processes
2026-08-29 11:56:17 | DEBUG    | RAMGuard.ProcessScanner | Scanned 219 processes (threshold=0.5 MB)
2026-08-29 11:56:17 | DEBUG    | RAMGuard.MainWindow | Process list updated: 219 processes
2026-08-29 11:56:24 | DEBUG    | RAMGuard.ProcessScanner | Scanned 232 processes (threshold=0.5 MB)
2026-08-29 11:56:25 | DEBUG    | RAMGuard.MainWindow | Process list updated: 232 processes
2026-08-29 11:56:27 | DEBUG    | RAMGuard.ProcessScanner | Scanned 237 processes (threshold=0.5 MB)
2026-08-29 11:56:27 | DEBUG    | RAMGuard.MainWindow | Process list updated: 237 processes
2026-08-29 11:56:33 | DEBUG    | RAMGuard.ProcessScanner | Scanned 242 processes (threshold=0.5 MB)
2026-08-29 11:56:33 | DEBUG    | RAMGuard.MainWindow | Process list updated: 242 processes
2026-08-29 11:56:37 | DEBUG    | RAMGuard.ProcessScanner | Scanned 242 processes (threshold=0.5 MB)
2026-08-29 11:56:37 | DEBUG    | RAMGuard.MainWindow | Process list updated: 242 processes
2026-08-29 11:56:42 | DEBUG    | RAMGuard.ProcessScanner | Scanned 241 processes (threshold=0.5 MB)
2026-08-29 11:56:42 | DEBUG    | RAMGuard.MainWindow | Process list updated: 241 processes
2026-08-29 11:56:46 | DEBUG    | RAMGuard.ProcessScanner | Scanned 242 processes (threshold=0.5 MB)
2026-08-29 11:56:46 | DEBUG    | RAMGuard.MainWindow | Process list updated: 242 processes
2026-08-29 11:56:51 | DEBUG    | RAMGuard.ProcessScanner | Scanned 242 processes (threshold=0.5 MB)
2026-08-29 11:56:51 | DEBUG    | RAMGuard.MainWindow | Process list updated: 242 processes
2026-08-29 11:56:55 | DEBUG    | RAMGuard.ProcessScanner | Scanned 242 processes (threshold=0.5 MB)
2026-08-29 11:56:55 | INFO     | RAMGuard.Optimizer | Starting CUSTOM optimization for 2 process(es).
2026-08-29 11:56:55 | INFO     | RAMGuard.Optimizer | Closing 'chrome.exe' (PID 7424) gracefully…
2026-08-29 11:56:55 | DEBUG    | RAMGuard.MainWindow | Process list updated: 242 processes
2026-08-29 11:56:55 | INFO     | RAMGuard.Optimizer | ✓ 'chrome.exe' closed successfully.
2026-08-29 11:56:55 | INFO     | RAMGuard.Optimizer | Closing 'chrome.exe' (PID 3312) gracefully…
2026-08-29 11:56:55 | INFO     | RAMGuard.Optimizer | ✓ 'chrome.exe' closed successfully.
2026-08-29 11:56:55 | INFO     | RAMGuard.Optimizer | Waiting 1.5s for memory to settle…
2026-08-29 11:56:57 | INFO     | RAMGuard.Optimizer | Optimization complete: 2 closed, 0 failed, ~781 MB freed.
2026-08-29 11:56:57 | INFO     | RAMGuard.Database | Saved optimization session #2
2026-08-29 11:57:03 | DEBUG    | RAMGuard.ProcessScanner | Scanned 228 processes (threshold=0.5 MB)
2026-08-29 11:57:03 | DEBUG    | RAMGuard.MainWindow | Process list updated: 228 processes
2026-08-29 11:57:04 | DEBUG    | RAMGuard.ProcessScanner | Scanned 228 processes (threshold=0.5 MB)
2026-08-29 11:57:06 | DEBUG    | RAMGuard.ProcessScanner | Scanned 228 processes (threshold=0.5 MB)
2026-08-29 11:57:06 | DEBUG    | RAMGuard.MainWindow | Process list updated: 228 processes
2026-08-29 11:57:06 | DEBUG    | RAMGuard.MainWindow | Process list updated: 228 processes
2026-08-29 11:57:11 | DEBUG    | RAMGuard.ProcessScanner | Scanned 228 processes (threshold=0.5 MB)
2026-08-29 11:57:11 | DEBUG    | RAMGuard.MainWindow | Process list updated: 228 processes
2026-08-29 11:57:18 | DEBUG    | RAMGuard.ProcessScanner | Scanned 228 processes (threshold=0.5 MB)
2026-08-29 11:57:18 | DEBUG    | RAMGuard.ProcessScanner | Scanned 228 processes (threshold=0.5 MB)
2026-08-29 11:57:18 | DEBUG    | RAMGuard.MainWindow | Process list updated: 228 processes
2026-08-29 11:57:20 | DEBUG    | RAMGuard.ProcessScanner | Scanned 229 processes (threshold=0.5 MB)
2026-08-29 11:57:20 | DEBUG    | RAMGuard.MainWindow | Process list updated: 228 processes
2026-08-29 11:57:20 | DEBUG    | RAMGuard.MainWindow | Process list updated: 229 processes
